2022-12-27T01:56:06.0321038Z Requested labels: self-hosted, macOS, X64
2022-12-27T01:56:06.0321124Z Job defined at: kilnbuild/python.build/.github/workflows/mac_arm_build.yml@refs/heads/main
2022-12-27T01:56:06.0321179Z Waiting for a runner to pick up this job...
2022-12-27T02:34:54.1393387Z Job is about to start running on the runner: s1 (organization)
2022-12-27T02:34:58.3809030Z Current runner version: '2.300.2'
2022-12-27T02:34:58.3814050Z Runner name: 's1'
2022-12-27T02:34:58.3814300Z Runner group name: 'Default'
2022-12-27T02:34:58.3814740Z Machine name: 's1'
2022-12-27T02:34:58.3816320Z ##[group]GITHUB_TOKEN Permissions
2022-12-27T02:34:58.3816730Z Actions: write
2022-12-27T02:34:58.3816870Z Checks: write
2022-12-27T02:34:58.3817010Z Contents: write
2022-12-27T02:34:58.3817150Z Deployments: write
2022-12-27T02:34:58.3817290Z Discussions: write
2022-12-27T02:34:58.3817430Z Issues: write
2022-12-27T02:34:58.3817560Z Metadata: read
2022-12-27T02:34:58.3817700Z Packages: write
2022-12-27T02:34:58.3817840Z Pages: write
2022-12-27T02:34:58.3817970Z PullRequests: write
2022-12-27T02:34:58.3818140Z RepositoryProjects: write
2022-12-27T02:34:58.3818310Z SecurityEvents: write
2022-12-27T02:34:58.3818450Z Statuses: write
2022-12-27T02:34:58.3818590Z ##[endgroup]
2022-12-27T02:34:58.3821340Z Secret source: Actions
2022-12-27T02:34:58.3821670Z Prepare workflow directory
2022-12-27T02:34:58.4504880Z Prepare all required actions
2022-12-27T02:34:58.4627820Z Getting action download info
2022-12-27T02:34:59.1852570Z Download action repository 'actions/setup-python@v4' (SHA:5ccb29d8773c3f3f653e1705f474dfaa8a06a912)
2022-12-27T02:35:01.3180480Z Download action repository 'actions/upload-artifact@v3' (SHA:83fd05a356d7e2593de66fc9913b3002723633cb)
2022-12-27T02:35:02.6910830Z ##[group]Run echo '{
2022-12-27T02:35:02.6911160Z [36;1mecho '{[0m
2022-12-27T02:35:02.6911430Z [36;1m  "environment_variables": "GRPC_PYTHON_BUILD_WITH_CYTHON=1 GRPC_BUILD_WITH_BORING_SSL_ASM='' GRPC_PYTHON_BUILD_SYSTEM_OPENSSL=TRUE",[0m
2022-12-27T02:35:02.6911690Z [36;1m  "package_name": "grpcio",[0m
2022-12-27T02:35:02.6911970Z [36;1m  "package_url": "https://files.pythonhosted.org/packages/1e/ca/2ae3967c69f72fc5596815bbef3c895e34ad88738ec3322ebe87671e60c9/grpcio-1.20.1.tar.gz",[0m
2022-12-27T02:35:02.6912180Z [36;1m  "package_version": "1.20.1",[0m
2022-12-27T02:35:02.6912310Z [36;1m  "python_version": "3.8",[0m
2022-12-27T02:35:02.6912480Z [36;1m  "use_ccache": "true"[0m
2022-12-27T02:35:02.6912620Z [36;1m}'[0m
2022-12-27T02:35:02.6928730Z shell: /bin/bash -e {0}
2022-12-27T02:35:02.6928880Z ##[endgroup]
2022-12-27T02:35:02.7149600Z {
2022-12-27T02:35:02.7151160Z   "environment_variables": "GRPC_PYTHON_BUILD_WITH_CYTHON=1 GRPC_BUILD_WITH_BORING_SSL_ASM= GRPC_PYTHON_BUILD_SYSTEM_OPENSSL=TRUE",
2022-12-27T02:35:02.7151460Z   "package_name": "grpcio",
2022-12-27T02:35:02.7152040Z   "package_url": "https://files.pythonhosted.org/packages/1e/ca/2ae3967c69f72fc5596815bbef3c895e34ad88738ec3322ebe87671e60c9/grpcio-1.20.1.tar.gz",
2022-12-27T02:35:02.7152370Z   "package_version": "1.20.1",
2022-12-27T02:35:02.7152530Z   "python_version": "3.8",
2022-12-27T02:35:02.7152710Z   "use_ccache": "true"
2022-12-27T02:35:02.7152870Z }
2022-12-27T02:35:02.7369250Z ##[group]Run actions/setup-python@v4
2022-12-27T02:35:02.7369530Z with:
2022-12-27T02:35:02.7369780Z   python-version: 3.8
2022-12-27T02:35:02.7369940Z   check-latest: false
2022-12-27T02:35:02.7370270Z   token: ***
2022-12-27T02:35:02.7370460Z   update-environment: true
2022-12-27T02:35:02.7370700Z ##[endgroup]
2022-12-27T02:35:02.8629690Z ##[group]Installed versions
2022-12-27T02:35:02.8669700Z Successfully set up CPython (3.8.15)
2022-12-27T02:35:02.8670910Z ##[endgroup]
2022-12-27T02:35:02.8821490Z ##[group]Run if [ "true" == "true" ]
2022-12-27T02:35:02.8821720Z [36;1mif [ "true" == "true" ][0m
2022-12-27T02:35:02.8821920Z [36;1mthen[0m
2022-12-27T02:35:02.8822190Z [36;1m  echo "CCACHE_PATH_PREPEND=/usr/local/opt/ccache/libexec" >> $GITHUB_OUTPUT[0m
2022-12-27T02:35:02.8822690Z [36;1melse[0m
2022-12-27T02:35:02.8822860Z [36;1m  echo "CCACHE_PATH_PREPEND=" >> $GITHUB_OUTPUT[0m
2022-12-27T02:35:02.8823110Z [36;1mfi[0m
2022-12-27T02:35:02.8839870Z shell: /bin/bash -e {0}
2022-12-27T02:35:02.8840050Z env:
2022-12-27T02:35:02.8840280Z   pythonLocation: /Users/runner/hostedtoolcache/Python/3.8.15/x64
2022-12-27T02:35:02.8840550Z   PKG_CONFIG_PATH: /Users/runner/hostedtoolcache/Python/3.8.15/x64/lib/pkgconfig
2022-12-27T02:35:02.8841290Z   Python_ROOT_DIR: /Users/runner/hostedtoolcache/Python/3.8.15/x64
2022-12-27T02:35:02.8841510Z   Python2_ROOT_DIR: /Users/runner/hostedtoolcache/Python/3.8.15/x64
2022-12-27T02:35:02.8841790Z   Python3_ROOT_DIR: /Users/runner/hostedtoolcache/Python/3.8.15/x64
2022-12-27T02:35:02.8841990Z ##[endgroup]
2022-12-27T02:35:02.8949170Z ##[group]Run echo "BUILD_NAME=$(echo grpcio_1.20.1_3.8 | tr -dc '[:alnum:]\n\r' | tr '[:upper:]' '[:lower:]')" >> $GITHUB_OUTPUT
2022-12-27T02:35:02.8949630Z [36;1mecho "BUILD_NAME=$(echo grpcio_1.20.1_3.8 | tr -dc '[:alnum:]\n\r' | tr '[:upper:]' '[:lower:]')" >> $GITHUB_OUTPUT[0m
2022-12-27T02:35:02.8963960Z shell: /bin/bash -e {0}
2022-12-27T02:35:02.8964170Z env:
2022-12-27T02:35:02.8964400Z   pythonLocation: /Users/runner/hostedtoolcache/Python/3.8.15/x64
2022-12-27T02:35:02.8964740Z   PKG_CONFIG_PATH: /Users/runner/hostedtoolcache/Python/3.8.15/x64/lib/pkgconfig
2022-12-27T02:35:02.8965000Z   Python_ROOT_DIR: /Users/runner/hostedtoolcache/Python/3.8.15/x64
2022-12-27T02:35:02.8965300Z   Python2_ROOT_DIR: /Users/runner/hostedtoolcache/Python/3.8.15/x64
2022-12-27T02:35:02.8965520Z   Python3_ROOT_DIR: /Users/runner/hostedtoolcache/Python/3.8.15/x64
2022-12-27T02:35:02.8965730Z ##[endgroup]
2022-12-27T02:35:02.9108190Z ##[group]Run echo "PYTHON_NO_DOTS=$(echo 3.8 | tr -dc '[:alnum:]\n\r' | tr '[:upper:]' '[:lower:]')" >> $GITHUB_OUTPUT
2022-12-27T02:35:02.9108580Z [36;1mecho "PYTHON_NO_DOTS=$(echo 3.8 | tr -dc '[:alnum:]\n\r' | tr '[:upper:]' '[:lower:]')" >> $GITHUB_OUTPUT[0m
2022-12-27T02:35:02.9122420Z shell: /bin/bash -e {0}
2022-12-27T02:35:02.9122580Z env:
2022-12-27T02:35:02.9122790Z   pythonLocation: /Users/runner/hostedtoolcache/Python/3.8.15/x64
2022-12-27T02:35:02.9123090Z   PKG_CONFIG_PATH: /Users/runner/hostedtoolcache/Python/3.8.15/x64/lib/pkgconfig
2022-12-27T02:35:02.9123330Z   Python_ROOT_DIR: /Users/runner/hostedtoolcache/Python/3.8.15/x64
2022-12-27T02:35:02.9123580Z   Python2_ROOT_DIR: /Users/runner/hostedtoolcache/Python/3.8.15/x64
2022-12-27T02:35:02.9123820Z   Python3_ROOT_DIR: /Users/runner/hostedtoolcache/Python/3.8.15/x64
2022-12-27T02:35:02.9124080Z ##[endgroup]
2022-12-27T02:35:02.9235480Z ##[group]Run rm -rf build_grpcio120138
2022-12-27T02:35:02.9235830Z [36;1mrm -rf build_grpcio120138[0m
2022-12-27T02:35:02.9236080Z [36;1mmkdir build_grpcio120138[0m
2022-12-27T02:35:02.9236270Z [36;1mcd build_grpcio120138[0m
2022-12-27T02:35:02.9236570Z [36;1m/usr/local/bin/wget --quiet https://files.pythonhosted.org/packages/1e/ca/2ae3967c69f72fc5596815bbef3c895e34ad88738ec3322ebe87671e60c9/grpcio-1.20.1.tar.gz[0m
2022-12-27T02:35:02.9236850Z [36;1mtar xf *.tar.gz[0m
2022-12-27T02:35:02.9237070Z [36;1mcd grpcio-*/[0m
2022-12-27T02:35:02.9237280Z [36;1mpython -m pip install cibuildwheel==2.11.3[0m
2022-12-27T02:35:02.9237470Z [36;1mpython -m cibuildwheel --output-dir ../wheelsout[0m
2022-12-27T02:35:02.9251410Z shell: /bin/bash -e {0}
2022-12-27T02:35:02.9251650Z env:
2022-12-27T02:35:02.9251870Z   pythonLocation: /Users/runner/hostedtoolcache/Python/3.8.15/x64
2022-12-27T02:35:02.9252170Z   PKG_CONFIG_PATH: /Users/runner/hostedtoolcache/Python/3.8.15/x64/lib/pkgconfig
2022-12-27T02:35:02.9252420Z   Python_ROOT_DIR: /Users/runner/hostedtoolcache/Python/3.8.15/x64
2022-12-27T02:35:02.9252690Z   Python2_ROOT_DIR: /Users/runner/hostedtoolcache/Python/3.8.15/x64
2022-12-27T02:35:02.9252930Z   Python3_ROOT_DIR: /Users/runner/hostedtoolcache/Python/3.8.15/x64
2022-12-27T02:35:02.9253100Z   CIBW_ARCHS_MACOS: arm64
2022-12-27T02:35:02.9253280Z   CIBW_TEST_SKIP: *_arm64
2022-12-27T02:35:02.9253470Z   CIBW_BUILD: cp38-macosx_arm64
2022-12-27T02:35:02.9253660Z   CIBW_BUILD_FRONTEND: pip
2022-12-27T02:35:02.9253830Z   CIBW_BUILD_VERBOSITY: 3
2022-12-27T02:35:02.9254210Z   CIBW_ENVIRONMENT_MACOS: GRPC_PYTHON_BUILD_WITH_CYTHON=1 GRPC_BUILD_WITH_BORING_SSL_ASM='' GRPC_PYTHON_BUILD_SYSTEM_OPENSSL=TRUE CFLAGS="-I/usr/local/opt/openssl@3/include" LDFLAGS="-L/usr/local/opt/openssl@3/lib" CPPFLAGS="-I/usr/local/opt/openssl@3/include" MAKEFLAGS="-j$(sysctl -n hw.logicalcpu)" PATH=/usr/local/opt/ccache/libexec:$PATH
2022-12-27T02:35:02.9254840Z   CIBW_BEFORE_BUILD: pip install Cython; if [[ -f requirements.txt ]]; then pip install -r requirements.txt; fi
2022-12-27T02:35:02.9255120Z   MAKEFLAGS: -j$(sysctl -n hw.logicalcpu)
2022-12-27T02:35:02.9255270Z ##[endgroup]
2022-12-27T02:35:03.7962310Z Requirement already satisfied: cibuildwheel==2.11.3 in /Users/runner/hostedtoolcache/Python/3.8.15/x64/lib/python3.8/site-packages (2.11.3)
2022-12-27T02:35:03.8307510Z Requirement already satisfied: filelock in /Users/runner/hostedtoolcache/Python/3.8.15/x64/lib/python3.8/site-packages (from cibuildwheel==2.11.3) (3.8.2)
2022-12-27T02:35:03.8310630Z Requirement already satisfied: bracex in /Users/runner/hostedtoolcache/Python/3.8.15/x64/lib/python3.8/site-packages (from cibuildwheel==2.11.3) (2.3.post1)
2022-12-27T02:35:03.8319420Z Requirement already satisfied: typing-extensions>=4.1.0 in /Users/runner/hostedtoolcache/Python/3.8.15/x64/lib/python3.8/site-packages (from cibuildwheel==2.11.3) (4.4.0)
2022-12-27T02:35:03.8323020Z Requirement already satisfied: platformdirs in /Users/runner/hostedtoolcache/Python/3.8.15/x64/lib/python3.8/site-packages (from cibuildwheel==2.11.3) (2.6.0)
2022-12-27T02:35:03.8330690Z Requirement already satisfied: tomli in /Users/runner/hostedtoolcache/Python/3.8.15/x64/lib/python3.8/site-packages (from cibuildwheel==2.11.3) (2.0.1)
2022-12-27T02:35:03.8335740Z Requirement already satisfied: bashlex!=0.13 in /Users/runner/hostedtoolcache/Python/3.8.15/x64/lib/python3.8/site-packages (from cibuildwheel==2.11.3) (0.16)
2022-12-27T02:35:03.8339110Z Requirement already satisfied: certifi in /Users/runner/hostedtoolcache/Python/3.8.15/x64/lib/python3.8/site-packages (from cibuildwheel==2.11.3) (2022.12.7)
2022-12-27T02:35:03.8344300Z Requirement already satisfied: packaging>=20.9 in /Users/runner/hostedtoolcache/Python/3.8.15/x64/lib/python3.8/site-packages (from cibuildwheel==2.11.3) (22.0)
2022-12-27T02:35:04.0160030Z 
2022-12-27T02:35:04.0160400Z      _ _       _ _   _       _           _
2022-12-27T02:35:04.0161010Z  ___|_| |_ _ _|_| |_| |_ _ _| |_ ___ ___| |
2022-12-27T02:35:04.0162080Z |  _| | . | | | | | . | | | |   | -_| -_| |
2022-12-27T02:35:04.0162360Z |___|_|___|___|_|_|___|_____|_|_|___|___|_|
2022-12-27T02:35:04.0162450Z 
2022-12-27T02:35:04.0162590Z cibuildwheel version 2.11.3
2022-12-27T02:35:04.0162800Z 
2022-12-27T02:35:04.0163030Z Build options:
2022-12-27T02:35:04.0163260Z   platform: macos
2022-12-27T02:35:04.0365400Z   architectures: arm64[0m
2022-12-27T02:35:04.0365710Z   build_selector: 
2022-12-27T02:35:04.0366390Z     build_config: cp38-macosx_arm64
2022-12-27T02:35:04.0366620Z     skip_config: 
2022-12-27T02:35:04.0366860Z     requires_python: None
2022-12-27T02:35:04.0367210Z     prerelease_pythons: False[0m
2022-12-27T02:35:04.0367530Z   [38;5;244mcontainer_engine: docker[0m
2022-12-27T02:35:04.0368010Z   output_dir: /Users/runner/actions-runner/_work/python.build/python.build/build_grpcio120138/wheelsout[0m
2022-12-27T02:35:04.0368790Z   package_dir: /Users/runner/actions-runner/_work/python.build/python.build/build_grpcio120138/grpcio-1.20.1[0m
2022-12-27T02:35:04.0369120Z   test_selector: 
2022-12-27T02:35:04.0369380Z     skip_config: *_arm64[0m
2022-12-27T02:35:04.0369680Z   [38;5;244mbefore_all: [0m
2022-12-27T02:35:04.0370170Z   before_build: pip install Cython; if [[ -f requirements.txt ]]; then pip install -r requirements.txt; fi[0m
2022-12-27T02:35:04.0370530Z   [38;5;244mbefore_test: [0m
2022-12-27T02:35:04.0370770Z   [38;5;244mbuild_frontend: pip[0m
2022-12-27T02:35:04.0371050Z   build_verbosity: 3[0m
2022-12-27T02:35:04.0371490Z   [38;5;244mconfig_settings: [0m
2022-12-27T02:35:04.0371770Z   [38;5;244mdependency_constraints: pinned[0m
2022-12-27T02:35:04.0372010Z   environment: 
2022-12-27T02:35:04.0372330Z     GRPC_PYTHON_BUILD_WITH_CYTHON=1
2022-12-27T02:35:04.0373180Z     GRPC_BUILD_WITH_BORING_SSL_ASM=''
2022-12-27T02:35:04.0373500Z     GRPC_PYTHON_BUILD_SYSTEM_OPENSSL=TRUE
2022-12-27T02:35:04.0374360Z     CFLAGS="-I/usr/local/opt/openssl@3/include"
2022-12-27T02:35:04.0374750Z     LDFLAGS="-L/usr/local/opt/openssl@3/lib"
2022-12-27T02:35:04.0375290Z     CPPFLAGS="-I/usr/local/opt/openssl@3/include"
2022-12-27T02:35:04.0375650Z     MAKEFLAGS="-j$(sysctl -n hw.logicalcpu)"
2022-12-27T02:35:04.0375960Z     PATH=/usr/local/opt/ccache/libexec:$PATH[0m
2022-12-27T02:35:04.0376280Z   [38;5;244mmanylinux_images: None[0m
2022-12-27T02:35:04.0376580Z   [38;5;244mmusllinux_images: None[0m
2022-12-27T02:35:04.0377130Z   [38;5;244mrepair_command: delocate-wheel --require-archs {delocate_archs} -w {dest_dir} -v {wheel}[0m
2022-12-27T02:35:04.0377440Z   [38;5;244mtest_command: [0m
2022-12-27T02:35:04.0377670Z   [38;5;244mtest_extras: [0m
2022-12-27T02:35:04.0377900Z   [38;5;244mtest_requires: [0m
2022-12-27T02:35:04.0378010Z 
2022-12-27T02:35:04.0378090Z Cache folder: /Users/runner/Library/Caches/cibuildwheel
2022-12-27T02:35:04.0394180Z 
2022-12-27T02:35:04.0394400Z Here we go!
2022-12-27T02:35:04.0394530Z 
2022-12-27T02:35:04.0463090Z 
2022-12-27T02:35:04.0463450Z [1m[34mBuilding cp38-macosx_arm64 wheel[0m
2022-12-27T02:35:04.0463770Z CPython 3.8 macOS arm64 - Apple Silicon
2022-12-27T02:35:04.0463900Z 
2022-12-27T02:35:04.0466770Z ##[group]Installing Python cp38...
2022-12-27T02:35:04.0467010Z 
2022-12-27T02:35:04.0467940Z + pkgutil --pkgs
2022-12-27T02:35:04.0565360Z ##[endgroup]
2022-12-27T02:35:04.0566460Z                                                               [32mâœ“ [0m0.01s
2022-12-27T02:35:04.0567160Z ##[group]Setting up build environment...
2022-12-27T02:35:04.0567330Z 
2022-12-27T02:35:04.0586430Z + /Users/runner/hostedtoolcache/Python/3.8.15/x64/bin/python -sS /Users/runner/Library/Caches/cibuildwheel/virtualenv-20.17.0.pyz --activators= --no-periodic-update --pip=22.3.1 --setuptools=65.6.3 --wheel=0.38.4 --symlink-app-data --python /Library/Frameworks/Python.framework/Versions/3.8/bin/python3 /private/var/folders/51/hd414ycd67n82196sw51xqtc0000gn/T/cibw-run-up12yeq3/cp38-macosx_arm64/build/venv
2022-12-27T02:35:04.2471170Z created virtual environment CPython3.8.10.final.0-64 in 46ms
2022-12-27T02:35:04.2472160Z   creator CPython3Posix(dest=/private/var/folders/51/hd414ycd67n82196sw51xqtc0000gn/T/cibw-run-up12yeq3/cp38-macosx_arm64/build/venv, clear=False, no_vcs_ignore=False, global=False)
2022-12-27T02:35:04.2472630Z   seeder FromAppData(download=False, pip=22.3.1, setuptools=65.6.3, wheel=0.38.4, via=symlink, app_data_dir=/Users/runner/Library/Application Support/virtualenv)
2022-12-27T02:35:04.2472940Z     added seed packages: pip==22.3.1, setuptools==65.6.3, wheel==0.38.4
2022-12-27T02:35:04.2580130Z + python -m pip install --upgrade pip -c /Users/runner/hostedtoolcache/Python/3.8.15/x64/lib/python3.8/site-packages/cibuildwheel/resources/constraints-python38.txt
2022-12-27T02:35:04.5623610Z Requirement already satisfied: pip in ./lib/python3.8/site-packages (22.3.1)
2022-12-27T02:35:04.7017940Z + which pip
2022-12-27T02:35:04.7035490Z /private/var/folders/51/hd414ycd67n82196sw51xqtc0000gn/T/cibw-run-up12yeq3/cp38-macosx_arm64/build/venv/bin/pip
2022-12-27T02:35:04.7037920Z + pip --version
2022-12-27T02:35:04.9326050Z pip 22.3.1 from /private/var/folders/51/hd414ycd67n82196sw51xqtc0000gn/T/cibw-run-up12yeq3/cp38-macosx_arm64/build/venv/lib/python3.8/site-packages/pip (python 3.8)
2022-12-27T02:35:04.9538810Z + which pip
2022-12-27T02:35:04.9566680Z + which python
2022-12-27T02:35:04.9583910Z /private/var/folders/51/hd414ycd67n82196sw51xqtc0000gn/T/cibw-run-up12yeq3/cp38-macosx_arm64/build/venv/bin/python
2022-12-27T02:35:04.9585950Z + python --version
2022-12-27T02:35:04.9630590Z Python 3.8.10
2022-12-27T02:35:04.9633590Z + which python
2022-12-27T02:35:04.9685910Z ##[endgroup]
2022-12-27T02:35:04.9686560Z                                                               [32mâœ“ [0m0.91s
2022-12-27T02:35:04.9687150Z ##[group]Installing build tools...
2022-12-27T02:35:04.9687310Z 
2022-12-27T02:35:04.9687720Z + pip install --upgrade setuptools wheel delocate -c /Users/runner/hostedtoolcache/Python/3.8.15/x64/lib/python3.8/site-packages/cibuildwheel/resources/constraints-python38.txt
2022-12-27T02:35:05.2719480Z Requirement already satisfied: setuptools in /private/var/folders/51/hd414ycd67n82196sw51xqtc0000gn/T/cibw-run-up12yeq3/cp38-macosx_arm64/build/venv/lib/python3.8/site-packages (65.6.3)
2022-12-27T02:35:05.4960590Z Requirement already satisfied: wheel in /private/var/folders/51/hd414ycd67n82196sw51xqtc0000gn/T/cibw-run-up12yeq3/cp38-macosx_arm64/build/venv/lib/python3.8/site-packages (0.38.4)
2022-12-27T02:35:05.5431000Z Collecting delocate
2022-12-27T02:35:05.5454970Z   Using cached delocate-0.10.3-py3-none-any.whl (142 kB)
2022-12-27T02:35:05.5768230Z Collecting packaging>=20.9
2022-12-27T02:35:05.5790040Z   Using cached packaging-21.3-py3-none-any.whl (40 kB)
2022-12-27T02:35:05.5961740Z Collecting typing-extensions
2022-12-27T02:35:05.5982460Z   Using cached typing_extensions-4.4.0-py3-none-any.whl (26 kB)
2022-12-27T02:35:05.6362910Z Collecting pyparsing!=3.0.5,>=2.0.2
2022-12-27T02:35:05.6384330Z   Using cached pyparsing-3.0.9-py3-none-any.whl (98 kB)
2022-12-27T02:35:05.6769100Z Installing collected packages: typing-extensions, pyparsing, packaging, delocate
2022-12-27T02:35:05.8160490Z Successfully installed delocate-0.10.3 packaging-21.3 pyparsing-3.0.9 typing-extensions-4.4.0
2022-12-27T02:35:05.8583560Z ##[endgroup]
2022-12-27T02:35:05.8584140Z                                                               [32mâœ“ [0m0.89s
2022-12-27T02:35:05.8584530Z ##[group]Running before_build...
2022-12-27T02:35:05.8584700Z 
2022-12-27T02:35:05.8592210Z + pip install Cython; if [[ -f requirements.txt ]]; then pip install -r requirements.txt; fi
2022-12-27T02:35:06.5466660Z Collecting Cython
2022-12-27T02:35:06.5513170Z   Using cached Cython-0.29.32-py2.py3-none-any.whl (986 kB)
2022-12-27T02:35:06.5946510Z Installing collected packages: Cython
2022-12-27T02:35:07.0375030Z Successfully installed Cython-0.29.32
2022-12-27T02:35:07.8060780Z Collecting coverage>=4.0
2022-12-27T02:35:07.8090240Z   Using cached coverage-7.0.1-cp38-cp38-macosx_10_9_x86_64.whl (187 kB)
2022-12-27T02:35:08.1901080Z Collecting cython==0.28.3
2022-12-27T02:35:08.1968850Z   Using cached Cython-0.28.3.tar.gz (1.9 MB)
2022-12-27T02:35:08.7263980Z   Preparing metadata (setup.py): started
2022-12-27T02:35:16.5305360Z   Preparing metadata (setup.py): finished with status 'done'
2022-12-27T02:35:16.5516370Z Collecting enum34>=1.0.4
2022-12-27T02:35:16.5540150Z   Using cached enum34-1.1.10-py3-none-any.whl (11 kB)
2022-12-27T02:35:16.8624320Z Collecting protobuf>=3.5.0.post1
2022-12-27T02:35:16.8659260Z   Using cached protobuf-4.21.12-cp37-abi3-macosx_10_9_universal2.whl (486 kB)
2022-12-27T02:35:16.8862660Z Collecting six>=1.10
2022-12-27T02:35:16.8884370Z   Using cached six-1.16.0-py2.py3-none-any.whl (11 kB)
2022-12-27T02:35:16.8903130Z Requirement already satisfied: wheel>=0.29 in /private/var/folders/51/hd414ycd67n82196sw51xqtc0000gn/T/cibw-run-up12yeq3/cp38-macosx_arm64/build/venv/lib/python3.8/site-packages (from -r requirements.txt (line 7)) (0.38.4)
2022-12-27T02:35:16.8992100Z Building wheels for collected packages: cython
2022-12-27T02:35:16.8996810Z   Building wheel for cython (setup.py): started
2022-12-27T02:36:15.6380800Z   Building wheel for cython (setup.py): finished with status 'done'
2022-12-27T02:36:15.6481570Z   Created wheel for cython: filename=Cython-0.28.3-cp38-cp38-macosx_11_0_arm64.whl size=2782827 sha256=50e55b77f37e2fced0c453b177e3d3974966448ee11b8e7c17afd3b106b7134e
2022-12-27T02:36:15.6483660Z   Stored in directory: /Users/runner/Library/Caches/pip/wheels/23/f6/6b/17d3e69e31dbfb391f0440c2dc993ecd2fc7c17010f6f115c3
2022-12-27T02:36:15.6529870Z Successfully built cython
2022-12-27T02:36:15.6923160Z Installing collected packages: enum34, six, protobuf, cython, coverage
2022-12-27T02:36:15.8617960Z   Attempting uninstall: cython
2022-12-27T02:36:15.8625030Z     Found existing installation: Cython 0.29.32
2022-12-27T02:36:16.0240600Z     Uninstalling Cython-0.29.32:
2022-12-27T02:36:16.0352750Z       Successfully uninstalled Cython-0.29.32
2022-12-27T02:36:16.5889640Z Successfully installed coverage-7.0.1 cython-0.28.3 enum34-1.1.10 protobuf-4.21.12 six-1.16.0
2022-12-27T02:36:16.7686970Z ##[endgroup]
2022-12-27T02:36:16.7687710Z                                                              [32mâœ“ [0m70.91s
2022-12-27T02:36:16.7688190Z ##[group]Building wheel...
2022-12-27T02:36:16.7688700Z 
2022-12-27T02:36:16.7692710Z + python -m pip wheel /Users/runner/actions-runner/_work/python.build/python.build/build_grpcio120138/grpcio-1.20.1 --wheel-dir=/private/var/folders/51/hd414ycd67n82196sw51xqtc0000gn/T/cibw-run-up12yeq3/cp38-macosx_arm64/built_wheel --no-deps -vvv
2022-12-27T02:36:17.0561320Z Created temporary directory: /private/var/folders/51/hd414ycd67n82196sw51xqtc0000gn/T/pip-ephem-wheel-cache-kjl0dnwt
2022-12-27T02:36:17.0564990Z Created temporary directory: /private/var/folders/51/hd414ycd67n82196sw51xqtc0000gn/T/pip-build-tracker-a3_wkctj
2022-12-27T02:36:17.0567330Z Initialized build tracking at /private/var/folders/51/hd414ycd67n82196sw51xqtc0000gn/T/pip-build-tracker-a3_wkctj
2022-12-27T02:36:17.0568560Z Created build tracker: /private/var/folders/51/hd414ycd67n82196sw51xqtc0000gn/T/pip-build-tracker-a3_wkctj
2022-12-27T02:36:17.0570080Z Entered build tracker: /private/var/folders/51/hd414ycd67n82196sw51xqtc0000gn/T/pip-build-tracker-a3_wkctj
2022-12-27T02:36:17.0573390Z Created temporary directory: /private/var/folders/51/hd414ycd67n82196sw51xqtc0000gn/T/pip-wheel-3xyo0os5
2022-12-27T02:36:17.0579720Z Created temporary directory: /private/var/folders/51/hd414ycd67n82196sw51xqtc0000gn/T/pip-ephem-wheel-cache-0jz6ix_j
2022-12-27T02:36:17.0661540Z Processing /Users/runner/actions-runner/_work/python.build/python.build/build_grpcio120138/grpcio-1.20.1
2022-12-27T02:36:17.0667420Z   Added file:///Users/runner/actions-runner/_work/python.build/python.build/build_grpcio120138/grpcio-1.20.1 to build tracker '/private/var/folders/51/hd414ycd67n82196sw51xqtc0000gn/T/pip-build-tracker-a3_wkctj'
2022-12-27T02:36:17.0671400Z   Running setup.py (path:/Users/runner/actions-runner/_work/python.build/python.build/build_grpcio120138/grpcio-1.20.1/setup.py) egg_info for package from file:///Users/runner/actions-runner/_work/python.build/python.build/build_grpcio120138/grpcio-1.20.1
2022-12-27T02:36:17.0674150Z   Created temporary directory: /private/var/folders/51/hd414ycd67n82196sw51xqtc0000gn/T/pip-pip-egg-info-y7vvu6j6
2022-12-27T02:36:17.0675830Z   Preparing metadata (setup.py): started
2022-12-27T02:36:17.0677630Z   Running command python setup.py egg_info
2022-12-27T02:36:17.3852100Z   running egg_info
2022-12-27T02:36:17.3853820Z   creating /private/var/folders/51/hd414ycd67n82196sw51xqtc0000gn/T/pip-pip-egg-info-y7vvu6j6/grpcio.egg-info
2022-12-27T02:36:17.3859170Z   writing /private/var/folders/51/hd414ycd67n82196sw51xqtc0000gn/T/pip-pip-egg-info-y7vvu6j6/grpcio.egg-info/PKG-INFO
2022-12-27T02:36:17.3862240Z   writing dependency_links to /private/var/folders/51/hd414ycd67n82196sw51xqtc0000gn/T/pip-pip-egg-info-y7vvu6j6/grpcio.egg-info/dependency_links.txt
2022-12-27T02:36:17.3865320Z   writing requirements to /private/var/folders/51/hd414ycd67n82196sw51xqtc0000gn/T/pip-pip-egg-info-y7vvu6j6/grpcio.egg-info/requires.txt
2022-12-27T02:36:17.3867200Z   writing top-level names to /private/var/folders/51/hd414ycd67n82196sw51xqtc0000gn/T/pip-pip-egg-info-y7vvu6j6/grpcio.egg-info/top_level.txt
2022-12-27T02:36:17.3869640Z   writing manifest file '/private/var/folders/51/hd414ycd67n82196sw51xqtc0000gn/T/pip-pip-egg-info-y7vvu6j6/grpcio.egg-info/SOURCES.txt'
2022-12-27T02:36:17.3931630Z   reading manifest file '/private/var/folders/51/hd414ycd67n82196sw51xqtc0000gn/T/pip-pip-egg-info-y7vvu6j6/grpcio.egg-info/SOURCES.txt'
2022-12-27T02:36:17.3933690Z   reading manifest template 'PYTHON-MANIFEST.in'
2022-12-27T02:36:17.3953680Z   /Users/runner/actions-runner/_work/python.build/python.build/build_grpcio120138/grpcio-1.20.1/src/python/grpcio/commands.py:102: SyntaxWarning: "is not" with a literal. Did you mean "!="?
2022-12-27T02:36:17.3955300Z     if exit_code is not 0:
2022-12-27T02:36:17.3958010Z   This package needs to generate C files with Cython but it cannot. Poisoning extension sources to disallow extension commands...warning: no files found matching '*.c' under directory 'src/python/grpcio/grpc'
2022-12-27T02:36:17.3971130Z   warning: no files found matching '*.h' under directory 'src/python/grpcio/grpc'
2022-12-27T02:36:17.4066900Z   warning: no files found matching '*.python' under directory 'src/python/grpcio/grpc'
2022-12-27T02:36:17.4087150Z   warning: no previously-included files matching '*.so' found under directory 'src/python/grpcio/grpc/_cython'
2022-12-27T02:36:17.4089180Z   warning: no previously-included files matching '*.pyd' found under directory 'src/python/grpcio/grpc/_cython'
2022-12-27T02:36:17.4426800Z   warning: no files found matching 'src/python/grpcio/precompiled.py'
2022-12-27T02:36:17.4428620Z   adding license file 'LICENSE'
2022-12-27T02:36:17.4595130Z   writing manifest file '/private/var/folders/51/hd414ycd67n82196sw51xqtc0000gn/T/pip-pip-egg-info-y7vvu6j6/grpcio.egg-info/SOURCES.txt'
2022-12-27T02:36:17.4852440Z   Preparing metadata (setup.py): finished with status 'done'
2022-12-27T02:36:17.4878620Z   Source in /Users/runner/actions-runner/_work/python.build/python.build/build_grpcio120138/grpcio-1.20.1 has version 1.20.1, which satisfies requirement grpcio==1.20.1 from file:///Users/runner/actions-runner/_work/python.build/python.build/build_grpcio120138/grpcio-1.20.1
2022-12-27T02:36:17.4882550Z   Removed grpcio==1.20.1 from file:///Users/runner/actions-runner/_work/python.build/python.build/build_grpcio120138/grpcio-1.20.1 from build tracker '/private/var/folders/51/hd414ycd67n82196sw51xqtc0000gn/T/pip-build-tracker-a3_wkctj'
2022-12-27T02:36:17.5013300Z Created temporary directory: /private/var/folders/51/hd414ycd67n82196sw51xqtc0000gn/T/pip-unpack-bdw6jczc
2022-12-27T02:36:17.5073500Z Building wheels for collected packages: grpcio
2022-12-27T02:36:17.5074030Z   Running command python setup.py bdist_wheel
2022-12-27T02:36:17.5075220Z   Created temporary directory: /private/var/folders/51/hd414ycd67n82196sw51xqtc0000gn/T/pip-wheel-p_zbyjj2
2022-12-27T02:36:17.5075520Z   Building wheel for grpcio (setup.py): started
2022-12-27T02:36:17.5075900Z   Destination directory: /private/var/folders/51/hd414ycd67n82196sw51xqtc0000gn/T/pip-wheel-p_zbyjj2
2022-12-27T02:36:17.8214410Z   This package needs to generate C files with Cython but it cannot. Poisoning extension sources to disallow extension commands...running bdist_wheel
2022-12-27T02:36:17.8249850Z   running build
2022-12-27T02:36:17.8251960Z   running build_py
2022-12-27T02:36:17.8254090Z   running build_project_metadata
2022-12-27T02:36:17.8259580Z   creating python_build
2022-12-27T02:36:17.8261520Z   creating python_build/lib.macosx-11.0-arm64-cpython-38
2022-12-27T02:36:17.8263080Z   creating python_build/lib.macosx-11.0-arm64-cpython-38/grpc
2022-12-27T02:36:17.8264670Z   copying src/python/grpcio/grpc/_channel.py -> python_build/lib.macosx-11.0-arm64-cpython-38/grpc
2022-12-27T02:36:17.8267550Z   copying src/python/grpcio/grpc/_common.py -> python_build/lib.macosx-11.0-arm64-cpython-38/grpc
2022-12-27T02:36:17.8272220Z   copying src/python/grpcio/grpc/__init__.py -> python_build/lib.macosx-11.0-arm64-cpython-38/grpc
2022-12-27T02:36:17.8275460Z   copying src/python/grpcio/grpc/_utilities.py -> python_build/lib.macosx-11.0-arm64-cpython-38/grpc
2022-12-27T02:36:17.8277570Z   copying src/python/grpcio/grpc/_plugin_wrapping.py -> python_build/lib.macosx-11.0-arm64-cpython-38/grpc
2022-12-27T02:36:17.8280540Z   copying src/python/grpcio/grpc/_interceptor.py -> python_build/lib.macosx-11.0-arm64-cpython-38/grpc
2022-12-27T02:36:17.8283580Z   copying src/python/grpcio/grpc/_grpcio_metadata.py -> python_build/lib.macosx-11.0-arm64-cpython-38/grpc
2022-12-27T02:36:17.8286350Z   copying src/python/grpcio/grpc/_server.py -> python_build/lib.macosx-11.0-arm64-cpython-38/grpc
2022-12-27T02:36:17.8289730Z   copying src/python/grpcio/grpc/_auth.py -> python_build/lib.macosx-11.0-arm64-cpython-38/grpc
2022-12-27T02:36:17.8296730Z   creating python_build/lib.macosx-11.0-arm64-cpython-38/grpc/beta
2022-12-27T02:36:17.8298920Z   copying src/python/grpcio/grpc/beta/_server_adaptations.py -> python_build/lib.macosx-11.0-arm64-cpython-38/grpc/beta
2022-12-27T02:36:17.8300810Z   copying src/python/grpcio/grpc/beta/interfaces.py -> python_build/lib.macosx-11.0-arm64-cpython-38/grpc/beta
2022-12-27T02:36:17.8303810Z   copying src/python/grpcio/grpc/beta/_metadata.py -> python_build/lib.macosx-11.0-arm64-cpython-38/grpc/beta
2022-12-27T02:36:17.8306960Z   copying src/python/grpcio/grpc/beta/__init__.py -> python_build/lib.macosx-11.0-arm64-cpython-38/grpc/beta
2022-12-27T02:36:17.8309870Z   copying src/python/grpcio/grpc/beta/utilities.py -> python_build/lib.macosx-11.0-arm64-cpython-38/grpc/beta
2022-12-27T02:36:17.8312960Z   copying src/python/grpcio/grpc/beta/implementations.py -> python_build/lib.macosx-11.0-arm64-cpython-38/grpc/beta
2022-12-27T02:36:17.8316030Z   copying src/python/grpcio/grpc/beta/_client_adaptations.py -> python_build/lib.macosx-11.0-arm64-cpython-38/grpc/beta
2022-12-27T02:36:17.8321690Z   creating python_build/lib.macosx-11.0-arm64-cpython-38/grpc/experimental
2022-12-27T02:36:17.8323400Z   copying src/python/grpcio/grpc/experimental/gevent.py -> python_build/lib.macosx-11.0-arm64-cpython-38/grpc/experimental
2022-12-27T02:36:17.8326110Z   copying src/python/grpcio/grpc/experimental/__init__.py -> python_build/lib.macosx-11.0-arm64-cpython-38/grpc/experimental
2022-12-27T02:36:17.8328840Z   copying src/python/grpcio/grpc/experimental/session_cache.py -> python_build/lib.macosx-11.0-arm64-cpython-38/grpc/experimental
2022-12-27T02:36:17.8333490Z   creating python_build/lib.macosx-11.0-arm64-cpython-38/grpc/framework
2022-12-27T02:36:17.8335730Z   copying src/python/grpcio/grpc/framework/__init__.py -> python_build/lib.macosx-11.0-arm64-cpython-38/grpc/framework
2022-12-27T02:36:17.8340110Z   creating python_build/lib.macosx-11.0-arm64-cpython-38/grpc/_cython
2022-12-27T02:36:17.8342030Z   copying src/python/grpcio/grpc/_cython/__init__.py -> python_build/lib.macosx-11.0-arm64-cpython-38/grpc/_cython
2022-12-27T02:36:17.8347780Z   creating python_build/lib.macosx-11.0-arm64-cpython-38/grpc/framework/foundation
2022-12-27T02:36:17.8349500Z   copying src/python/grpcio/grpc/framework/foundation/callable_util.py -> python_build/lib.macosx-11.0-arm64-cpython-38/grpc/framework/foundation
2022-12-27T02:36:17.8352270Z   copying src/python/grpcio/grpc/framework/foundation/abandonment.py -> python_build/lib.macosx-11.0-arm64-cpython-38/grpc/framework/foundation
2022-12-27T02:36:17.8355440Z   copying src/python/grpcio/grpc/framework/foundation/__init__.py -> python_build/lib.macosx-11.0-arm64-cpython-38/grpc/framework/foundation
2022-12-27T02:36:17.8358430Z   copying src/python/grpcio/grpc/framework/foundation/stream.py -> python_build/lib.macosx-11.0-arm64-cpython-38/grpc/framework/foundation
2022-12-27T02:36:17.8361920Z   copying src/python/grpcio/grpc/framework/foundation/stream_util.py -> python_build/lib.macosx-11.0-arm64-cpython-38/grpc/framework/foundation
2022-12-27T02:36:17.8364790Z   copying src/python/grpcio/grpc/framework/foundation/future.py -> python_build/lib.macosx-11.0-arm64-cpython-38/grpc/framework/foundation
2022-12-27T02:36:17.8367810Z   copying src/python/grpcio/grpc/framework/foundation/logging_pool.py -> python_build/lib.macosx-11.0-arm64-cpython-38/grpc/framework/foundation
2022-12-27T02:36:17.8373220Z   creating python_build/lib.macosx-11.0-arm64-cpython-38/grpc/framework/common
2022-12-27T02:36:17.8374830Z   copying src/python/grpcio/grpc/framework/common/style.py -> python_build/lib.macosx-11.0-arm64-cpython-38/grpc/framework/common
2022-12-27T02:36:17.8377170Z   copying src/python/grpcio/grpc/framework/common/cardinality.py -> python_build/lib.macosx-11.0-arm64-cpython-38/grpc/framework/common
2022-12-27T02:36:17.8380540Z   copying src/python/grpcio/grpc/framework/common/__init__.py -> python_build/lib.macosx-11.0-arm64-cpython-38/grpc/framework/common
2022-12-27T02:36:17.8384960Z   creating python_build/lib.macosx-11.0-arm64-cpython-38/grpc/framework/interfaces
2022-12-27T02:36:17.8387000Z   copying src/python/grpcio/grpc/framework/interfaces/__init__.py -> python_build/lib.macosx-11.0-arm64-cpython-38/grpc/framework/interfaces
2022-12-27T02:36:17.8391460Z   creating python_build/lib.macosx-11.0-arm64-cpython-38/grpc/framework/interfaces/face
2022-12-27T02:36:17.8393290Z   copying src/python/grpcio/grpc/framework/interfaces/face/__init__.py -> python_build/lib.macosx-11.0-arm64-cpython-38/grpc/framework/interfaces/face
2022-12-27T02:36:17.8396050Z   copying src/python/grpcio/grpc/framework/interfaces/face/utilities.py -> python_build/lib.macosx-11.0-arm64-cpython-38/grpc/framework/interfaces/face
2022-12-27T02:36:17.8398460Z   copying src/python/grpcio/grpc/framework/interfaces/face/face.py -> python_build/lib.macosx-11.0-arm64-cpython-38/grpc/framework/interfaces/face
2022-12-27T02:36:17.8404520Z   creating python_build/lib.macosx-11.0-arm64-cpython-38/grpc/framework/interfaces/base
2022-12-27T02:36:17.8406240Z   copying src/python/grpcio/grpc/framework/interfaces/base/__init__.py -> python_build/lib.macosx-11.0-arm64-cpython-38/grpc/framework/interfaces/base
2022-12-27T02:36:17.8408540Z   copying src/python/grpcio/grpc/framework/interfaces/base/utilities.py -> python_build/lib.macosx-11.0-arm64-cpython-38/grpc/framework/interfaces/base
2022-12-27T02:36:17.8411490Z   copying src/python/grpcio/grpc/framework/interfaces/base/base.py -> python_build/lib.macosx-11.0-arm64-cpython-38/grpc/framework/interfaces/base
2022-12-27T02:36:17.8416490Z   creating python_build/lib.macosx-11.0-arm64-cpython-38/grpc/_cython/_cygrpc
2022-12-27T02:36:17.8418480Z   copying src/python/grpcio/grpc/_cython/_cygrpc/__init__.py -> python_build/lib.macosx-11.0-arm64-cpython-38/grpc/_cython/_cygrpc
2022-12-27T02:36:17.8423910Z   creating python_build/lib.macosx-11.0-arm64-cpython-38/grpc/_cython/_credentials
2022-12-27T02:36:17.8425630Z   copying src/python/grpcio/grpc/_cython/_credentials/roots.pem -> python_build/lib.macosx-11.0-arm64-cpython-38/grpc/_cython/_credentials
2022-12-27T02:36:17.8452570Z   running build_ext
2022-12-27T02:36:17.8932130Z   Found cython-generated files...
2022-12-27T02:36:17.8934790Z   building 'grpc._cython.cygrpc' extension
2022-12-27T02:36:17.8938450Z   creating python_build/temp.macosx-11.0-arm64-cpython-38
2022-12-27T02:36:17.8940280Z   creating python_build/temp.macosx-11.0-arm64-cpython-38/Users
2022-12-27T02:36:17.8942010Z   creating python_build/temp.macosx-11.0-arm64-cpython-38/Users/runner
2022-12-27T02:36:17.8943460Z   creating python_build/temp.macosx-11.0-arm64-cpython-38/Users/runner/actions-runner
2022-12-27T02:36:17.8945140Z   creating python_build/temp.macosx-11.0-arm64-cpython-38/Users/runner/actions-runner/_work
2022-12-27T02:36:17.8946760Z   creating python_build/temp.macosx-11.0-arm64-cpython-38/Users/runner/actions-runner/_work/python.build
2022-12-27T02:36:17.8948240Z   creating python_build/temp.macosx-11.0-arm64-cpython-38/Users/runner/actions-runner/_work/python.build/python.build
2022-12-27T02:36:17.8949900Z   creating python_build/temp.macosx-11.0-arm64-cpython-38/Users/runner/actions-runner/_work/python.build/python.build/build_grpcio120138
2022-12-27T02:36:17.8951370Z   creating python_build/temp.macosx-11.0-arm64-cpython-38/Users/runner/actions-runner/_work/python.build/python.build/build_grpcio120138/grpcio-1.20.1
2022-12-27T02:36:17.8953040Z   creating python_build/temp.macosx-11.0-arm64-cpython-38/Users/runner/actions-runner/_work/python.build/python.build/build_grpcio120138/grpcio-1.20.1/src
2022-12-27T02:36:17.8954480Z   creating python_build/temp.macosx-11.0-arm64-cpython-38/Users/runner/actions-runner/_work/python.build/python.build/build_grpcio120138/grpcio-1.20.1/src/python
2022-12-27T02:36:17.8956350Z   creating python_build/temp.macosx-11.0-arm64-cpython-38/Users/runner/actions-runner/_work/python.build/python.build/build_grpcio120138/grpcio-1.20.1/src/python/grpcio
2022-12-27T02:36:17.8959710Z   gcc -Wno-unused-result -Wsign-compare -Wunreachable-code -fno-common -dynamic -DNDEBUG -g -fwrapv -O3 -Wall -g -I/usr/local/opt/openssl@3/include -I/usr/local/opt/openssl@3/include -arch arm64 -DOPENSSL_NO_ASM=1 -D_WIN32_WINNT=1536 -DGPR_BACKWARDS_COMPATIBILITY_MODE=1 -DHAVE_CONFIG_H=1 -DGRPC_ENABLE_FORK_SUPPORT=1 "-DPyMODINIT_FUNC=extern \"C\" __attribute__((visibility (\"default\"))) PyObject*" -DGRPC_POSIX_FORK_ALLOW_PTHREAD_ATFORK=1 -Isrc/python/grpcio -Iinclude -I. -I/usr/include/openssl -Ithird_party/zlib -Ithird_party/nanopb -Ithird_party/cares -Ithird_party/cares/cares -Ithird_party/cares/config_darwin -Ithird_party/address_sorting/include -I/private/var/folders/51/hd414ycd67n82196sw51xqtc0000gn/T/cibw-run-up12yeq3/cp38-macosx_arm64/build/venv/include -I/Library/Frameworks/Python.framework/Versions/3.8/include/python3.8 -c /Users/runner/actions-runner/_work/python.build/python.build/build_grpcio120138/grpcio-1.20.1/src/python/grpcio/poison.c -o python_build/temp.macosx-11.0-arm64-cpython-38/Users/runner/actions-runner/_work/python.build/python.build/build_grpcio120138/grpcio-1.20.1/src/python/grpcio/poison.o -stdlib=libc++ -fvisibility=hidden -fno-wrapv -fno-exceptions -DPB_FIELD_32BIT -pthread
2022-12-27T02:36:17.9212970Z   /Users/runner/actions-runner/_work/python.build/python.build/build_grpcio120138/grpcio-1.20.1/src/python/grpcio/poison.c:1:2: error: Extensions have been poisoned due to missing Cython-generated code.
2022-12-27T02:36:17.9214380Z   #error Extensions have been poisoned due to missing Cython-generated code.
2022-12-27T02:36:17.9215940Z    ^
2022-12-27T02:36:17.9217900Z   1 error generated.
2022-12-27T02:36:17.9248890Z   creating var
2022-12-27T02:36:17.9250440Z   creating var/folders
2022-12-27T02:36:17.9252380Z   creating var/folders/51
2022-12-27T02:36:17.9253870Z   creating var/folders/51/hd414ycd67n82196sw51xqtc0000gn
2022-12-27T02:36:17.9255220Z   creating var/folders/51/hd414ycd67n82196sw51xqtc0000gn/T
2022-12-27T02:36:17.9257000Z   creating var/folders/51/hd414ycd67n82196sw51xqtc0000gn/T/tmpful9odtt
2022-12-27T02:36:17.9261860Z   gcc -Wno-unused-result -Wsign-compare -Wunreachable-code -fno-common -dynamic -DNDEBUG -g -fwrapv -O3 -Wall -g -I/usr/local/opt/openssl@3/include -I/usr/local/opt/openssl@3/include -arch arm64 -I/private/var/folders/51/hd414ycd67n82196sw51xqtc0000gn/T/cibw-run-up12yeq3/cp38-macosx_arm64/build/venv/include -I/Library/Frameworks/Python.framework/Versions/3.8/include/python3.8 -c /var/folders/51/hd414ycd67n82196sw51xqtc0000gn/T/tmpful9odtt/a.c -o var/folders/51/hd414ycd67n82196sw51xqtc0000gn/T/tmpful9odtt/a.o
2022-12-27T02:36:17.9987630Z   Traceback (most recent call last):
2022-12-27T02:36:17.9997350Z     File "/private/var/folders/51/hd414ycd67n82196sw51xqtc0000gn/T/cibw-run-up12yeq3/cp38-macosx_arm64/build/venv/lib/python3.8/site-packages/setuptools/_distutils/unixccompiler.py", line 186, in _compile
2022-12-27T02:36:17.9998030Z       self.spawn(compiler_so + cc_args + [src, '-o', obj] + extra_postargs)
2022-12-27T02:36:17.9998710Z     File "/Users/runner/actions-runner/_work/python.build/python.build/build_grpcio120138/grpcio-1.20.1/src/python/grpcio/_spawn_patch.py", line 54, in _commandfile_spawn
2022-12-27T02:36:17.9999090Z       _classic_spawn(self, command)
2022-12-27T02:36:17.9999650Z     File "/private/var/folders/51/hd414ycd67n82196sw51xqtc0000gn/T/cibw-run-up12yeq3/cp38-macosx_arm64/build/venv/lib/python3.8/site-packages/setuptools/_distutils/ccompiler.py", line 1007, in spawn
2022-12-27T02:36:18.0000190Z       spawn(cmd, dry_run=self.dry_run, **kwargs)
2022-12-27T02:36:18.0002410Z     File "/private/var/folders/51/hd414ycd67n82196sw51xqtc0000gn/T/cibw-run-up12yeq3/cp38-macosx_arm64/build/venv/lib/python3.8/site-packages/setuptools/_distutils/spawn.py", line 70, in spawn
2022-12-27T02:36:18.0003500Z       raise DistutilsExecError(
2022-12-27T02:36:18.0005410Z   distutils.errors.DistutilsExecError: command '/usr/bin/gcc' failed with exit code 1
2022-12-27T02:36:18.0006640Z 
2022-12-27T02:36:18.0008400Z   During handling of the above exception, another exception occurred:
2022-12-27T02:36:18.0009930Z 
2022-12-27T02:36:18.0011830Z   Traceback (most recent call last):
2022-12-27T02:36:18.0014090Z     File "/Users/runner/actions-runner/_work/python.build/python.build/build_grpcio120138/grpcio-1.20.1/src/python/grpcio/commands.py", line 262, in build_extensions
2022-12-27T02:36:18.0015740Z       build_ext.build_ext.build_extensions(self)
2022-12-27T02:36:18.0018070Z     File "/private/var/folders/51/hd414ycd67n82196sw51xqtc0000gn/T/cibw-run-up12yeq3/cp38-macosx_arm64/build/venv/lib/python3.8/site-packages/setuptools/_distutils/command/build_ext.py", line 468, in build_extensions
2022-12-27T02:36:18.0019350Z       self._build_extensions_serial()
2022-12-27T02:36:18.0021370Z     File "/private/var/folders/51/hd414ycd67n82196sw51xqtc0000gn/T/cibw-run-up12yeq3/cp38-macosx_arm64/build/venv/lib/python3.8/site-packages/setuptools/_distutils/command/build_ext.py", line 494, in _build_extensions_serial
2022-12-27T02:36:18.0022620Z       self.build_extension(ext)
2022-12-27T02:36:18.0024610Z     File "/private/var/folders/51/hd414ycd67n82196sw51xqtc0000gn/T/cibw-run-up12yeq3/cp38-macosx_arm64/build/venv/lib/python3.8/site-packages/setuptools/command/build_ext.py", line 246, in build_extension
2022-12-27T02:36:18.0026080Z       _build_ext.build_extension(self, ext)
2022-12-27T02:36:18.0028320Z     File "/private/var/folders/51/hd414ycd67n82196sw51xqtc0000gn/T/cibw-run-up12yeq3/cp38-macosx_arm64/build/venv/lib/python3.8/site-packages/setuptools/_distutils/command/build_ext.py", line 549, in build_extension
2022-12-27T02:36:18.0029990Z       objects = self.compiler.compile(
2022-12-27T02:36:18.0032280Z     File "/private/var/folders/51/hd414ycd67n82196sw51xqtc0000gn/T/cibw-run-up12yeq3/cp38-macosx_arm64/build/venv/lib/python3.8/site-packages/setuptools/_distutils/ccompiler.py", line 599, in compile
2022-12-27T02:36:18.0033920Z       self._compile(obj, src, ext, cc_args, extra_postargs, pp_opts)
2022-12-27T02:36:18.0036080Z     File "/Users/runner/actions-runner/_work/python.build/python.build/build_grpcio120138/grpcio-1.20.1/src/python/grpcio/commands.py", line 245, in new_compile
2022-12-27T02:36:18.0038180Z       return old_compile(obj, src, ext, cc_args, extra_postargs,
2022-12-27T02:36:18.0040350Z     File "/private/var/folders/51/hd414ycd67n82196sw51xqtc0000gn/T/cibw-run-up12yeq3/cp38-macosx_arm64/build/venv/lib/python3.8/site-packages/setuptools/_distutils/unixccompiler.py", line 188, in _compile
2022-12-27T02:36:18.0041920Z       raise CompileError(msg)
2022-12-27T02:36:18.0043910Z   distutils.errors.CompileError: command '/usr/bin/gcc' failed with exit code 1
2022-12-27T02:36:18.0045540Z 
2022-12-27T02:36:18.0047520Z   During handling of the above exception, another exception occurred:
2022-12-27T02:36:18.0049230Z 
2022-12-27T02:36:18.0051150Z   Traceback (most recent call last):
2022-12-27T02:36:18.0053040Z     File "<string>", line 2, in <module>
2022-12-27T02:36:18.0055010Z     File "<pip-setuptools-caller>", line 34, in <module>
2022-12-27T02:36:18.0057470Z     File "/Users/runner/actions-runner/_work/python.build/python.build/build_grpcio120138/grpcio-1.20.1/setup.py", line 352, in <module>
2022-12-27T02:36:18.0058990Z       setuptools.setup(
2022-12-27T02:36:18.0061310Z     File "/private/var/folders/51/hd414ycd67n82196sw51xqtc0000gn/T/cibw-run-up12yeq3/cp38-macosx_arm64/build/venv/lib/python3.8/site-packages/setuptools/__init__.py", line 87, in setup
2022-12-27T02:36:18.0062630Z       return distutils.core.setup(**attrs)
2022-12-27T02:36:18.0064540Z     File "/private/var/folders/51/hd414ycd67n82196sw51xqtc0000gn/T/cibw-run-up12yeq3/cp38-macosx_arm64/build/venv/lib/python3.8/site-packages/setuptools/_distutils/core.py", line 185, in setup
2022-12-27T02:36:18.0065900Z       return run_commands(dist)
2022-12-27T02:36:18.0067870Z     File "/private/var/folders/51/hd414ycd67n82196sw51xqtc0000gn/T/cibw-run-up12yeq3/cp38-macosx_arm64/build/venv/lib/python3.8/site-packages/setuptools/_distutils/core.py", line 201, in run_commands
2022-12-27T02:36:18.0069350Z       dist.run_commands()
2022-12-27T02:36:18.0071640Z     File "/private/var/folders/51/hd414ycd67n82196sw51xqtc0000gn/T/cibw-run-up12yeq3/cp38-macosx_arm64/build/venv/lib/python3.8/site-packages/setuptools/_distutils/dist.py", line 969, in run_commands
2022-12-27T02:36:18.0073200Z       self.run_command(cmd)
2022-12-27T02:36:18.0075400Z     File "/private/var/folders/51/hd414ycd67n82196sw51xqtc0000gn/T/cibw-run-up12yeq3/cp38-macosx_arm64/build/venv/lib/python3.8/site-packages/setuptools/dist.py", line 1208, in run_command
2022-12-27T02:36:18.0077030Z       super().run_command(command)
2022-12-27T02:36:18.0079230Z     File "/private/var/folders/51/hd414ycd67n82196sw51xqtc0000gn/T/cibw-run-up12yeq3/cp38-macosx_arm64/build/venv/lib/python3.8/site-packages/setuptools/_distutils/dist.py", line 988, in run_command
2022-12-27T02:36:18.0080920Z       cmd_obj.run()
2022-12-27T02:36:18.0083250Z     File "/private/var/folders/51/hd414ycd67n82196sw51xqtc0000gn/T/cibw-run-up12yeq3/cp38-macosx_arm64/build/venv/lib/python3.8/site-packages/wheel/bdist_wheel.py", line 325, in run
2022-12-27T02:36:18.0084550Z       self.run_command("build")
2022-12-27T02:36:18.0086420Z     File "/private/var/folders/51/hd414ycd67n82196sw51xqtc0000gn/T/cibw-run-up12yeq3/cp38-macosx_arm64/build/venv/lib/python3.8/site-packages/setuptools/_distutils/cmd.py", line 318, in run_command
2022-12-27T02:36:18.0087770Z       self.distribution.run_command(command)
2022-12-27T02:36:18.0089680Z     File "/private/var/folders/51/hd414ycd67n82196sw51xqtc0000gn/T/cibw-run-up12yeq3/cp38-macosx_arm64/build/venv/lib/python3.8/site-packages/setuptools/dist.py", line 1208, in run_command
2022-12-27T02:36:18.0091160Z       super().run_command(command)
2022-12-27T02:36:18.0093390Z     File "/private/var/folders/51/hd414ycd67n82196sw51xqtc0000gn/T/cibw-run-up12yeq3/cp38-macosx_arm64/build/venv/lib/python3.8/site-packages/setuptools/_distutils/dist.py", line 988, in run_command
2022-12-27T02:36:18.0094990Z       cmd_obj.run()
2022-12-27T02:36:18.0097250Z     File "/private/var/folders/51/hd414ycd67n82196sw51xqtc0000gn/T/cibw-run-up12yeq3/cp38-macosx_arm64/build/venv/lib/python3.8/site-packages/setuptools/_distutils/command/build.py", line 132, in run
2022-12-27T02:36:18.0099050Z       self.run_command(cmd_name)
2022-12-27T02:36:18.0101640Z     File "/private/var/folders/51/hd414ycd67n82196sw51xqtc0000gn/T/cibw-run-up12yeq3/cp38-macosx_arm64/build/venv/lib/python3.8/site-packages/setuptools/_distutils/cmd.py", line 318, in run_command
2022-12-27T02:36:18.0103180Z       self.distribution.run_command(command)
2022-12-27T02:36:18.0105370Z     File "/private/var/folders/51/hd414ycd67n82196sw51xqtc0000gn/T/cibw-run-up12yeq3/cp38-macosx_arm64/build/venv/lib/python3.8/site-packages/setuptools/dist.py", line 1208, in run_command
2022-12-27T02:36:18.0107000Z       super().run_command(command)
2022-12-27T02:36:18.0109220Z     File "/private/var/folders/51/hd414ycd67n82196sw51xqtc0000gn/T/cibw-run-up12yeq3/cp38-macosx_arm64/build/venv/lib/python3.8/site-packages/setuptools/_distutils/dist.py", line 988, in run_command
2022-12-27T02:36:18.0110830Z       cmd_obj.run()
2022-12-27T02:36:18.0113080Z     File "/private/var/folders/51/hd414ycd67n82196sw51xqtc0000gn/T/cibw-run-up12yeq3/cp38-macosx_arm64/build/venv/lib/python3.8/site-packages/setuptools/command/build_ext.py", line 84, in run
2022-12-27T02:36:18.0114710Z       _build_ext.run(self)
2022-12-27T02:36:18.0116960Z     File "/private/var/folders/51/hd414ycd67n82196sw51xqtc0000gn/T/cibw-run-up12yeq3/cp38-macosx_arm64/build/venv/lib/python3.8/site-packages/setuptools/_distutils/command/build_ext.py", line 346, in run
2022-12-27T02:36:18.0118560Z       self.build_extensions()
2022-12-27T02:36:18.0120920Z     File "/Users/runner/actions-runner/_work/python.build/python.build/build_grpcio120138/grpcio-1.20.1/src/python/grpcio/commands.py", line 266, in build_extensions
2022-12-27T02:36:18.0122620Z       raise CommandError(
2022-12-27T02:36:18.0124530Z   commands.CommandError: Failed `build_ext` step:
2022-12-27T02:36:18.0126370Z   Traceback (most recent call last):
2022-12-27T02:36:18.0128700Z     File "/private/var/folders/51/hd414ycd67n82196sw51xqtc0000gn/T/cibw-run-up12yeq3/cp38-macosx_arm64/build/venv/lib/python3.8/site-packages/setuptools/_distutils/unixccompiler.py", line 186, in _compile
2022-12-27T02:36:18.0130400Z       self.spawn(compiler_so + cc_args + [src, '-o', obj] + extra_postargs)
2022-12-27T02:36:18.0132520Z     File "/Users/runner/actions-runner/_work/python.build/python.build/build_grpcio120138/grpcio-1.20.1/src/python/grpcio/_spawn_patch.py", line 54, in _commandfile_spawn
2022-12-27T02:36:18.0134200Z       _classic_spawn(self, command)
2022-12-27T02:36:18.0136450Z     File "/private/var/folders/51/hd414ycd67n82196sw51xqtc0000gn/T/cibw-run-up12yeq3/cp38-macosx_arm64/build/venv/lib/python3.8/site-packages/setuptools/_distutils/ccompiler.py", line 1007, in spawn
2022-12-27T02:36:18.0138110Z       spawn(cmd, dry_run=self.dry_run, **kwargs)
2022-12-27T02:36:18.0140390Z     File "/private/var/folders/51/hd414ycd67n82196sw51xqtc0000gn/T/cibw-run-up12yeq3/cp38-macosx_arm64/build/venv/lib/python3.8/site-packages/setuptools/_distutils/spawn.py", line 70, in spawn
2022-12-27T02:36:18.0142060Z       raise DistutilsExecError(
2022-12-27T02:36:18.0144110Z   distutils.errors.DistutilsExecError: command '/usr/bin/gcc' failed with exit code 1
2022-12-27T02:36:18.0145730Z 
2022-12-27T02:36:18.0147720Z   During handling of the above exception, another exception occurred:
2022-12-27T02:36:18.0149440Z 
2022-12-27T02:36:18.0151370Z   Traceback (most recent call last):
2022-12-27T02:36:18.0153640Z     File "/Users/runner/actions-runner/_work/python.build/python.build/build_grpcio120138/grpcio-1.20.1/src/python/grpcio/commands.py", line 262, in build_extensions
2022-12-27T02:36:18.0155320Z       build_ext.build_ext.build_extensions(self)
2022-12-27T02:36:18.0157620Z     File "/private/var/folders/51/hd414ycd67n82196sw51xqtc0000gn/T/cibw-run-up12yeq3/cp38-macosx_arm64/build/venv/lib/python3.8/site-packages/setuptools/_distutils/command/build_ext.py", line 468, in build_extensions
2022-12-27T02:36:18.0159220Z       self._build_extensions_serial()
2022-12-27T02:36:18.0161810Z     File "/private/var/folders/51/hd414ycd67n82196sw51xqtc0000gn/T/cibw-run-up12yeq3/cp38-macosx_arm64/build/venv/lib/python3.8/site-packages/setuptools/_distutils/command/build_ext.py", line 494, in _build_extensions_serial
2022-12-27T02:36:18.0163230Z       self.build_extension(ext)
2022-12-27T02:36:18.0165470Z     File "/private/var/folders/51/hd414ycd67n82196sw51xqtc0000gn/T/cibw-run-up12yeq3/cp38-macosx_arm64/build/venv/lib/python3.8/site-packages/setuptools/command/build_ext.py", line 246, in build_extension
2022-12-27T02:36:18.0167110Z       _build_ext.build_extension(self, ext)
2022-12-27T02:36:18.0169360Z     File "/private/var/folders/51/hd414ycd67n82196sw51xqtc0000gn/T/cibw-run-up12yeq3/cp38-macosx_arm64/build/venv/lib/python3.8/site-packages/setuptools/_distutils/command/build_ext.py", line 549, in build_extension
2022-12-27T02:36:18.0170990Z       objects = self.compiler.compile(
2022-12-27T02:36:18.0173230Z     File "/private/var/folders/51/hd414ycd67n82196sw51xqtc0000gn/T/cibw-run-up12yeq3/cp38-macosx_arm64/build/venv/lib/python3.8/site-packages/setuptools/_distutils/ccompiler.py", line 599, in compile
2022-12-27T02:36:18.0174930Z       self._compile(obj, src, ext, cc_args, extra_postargs, pp_opts)
2022-12-27T02:36:18.0177040Z     File "/Users/runner/actions-runner/_work/python.build/python.build/build_grpcio120138/grpcio-1.20.1/src/python/grpcio/commands.py", line 245, in new_compile
2022-12-27T02:36:18.0178700Z       return old_compile(obj, src, ext, cc_args, extra_postargs,
2022-12-27T02:36:18.0181010Z     File "/private/var/folders/51/hd414ycd67n82196sw51xqtc0000gn/T/cibw-run-up12yeq3/cp38-macosx_arm64/build/venv/lib/python3.8/site-packages/setuptools/_distutils/unixccompiler.py", line 188, in _compile
2022-12-27T02:36:18.0182780Z       raise CompileError(msg)
2022-12-27T02:36:18.0184790Z   distutils.errors.CompileError: command '/usr/bin/gcc' failed with exit code 1
2022-12-27T02:36:18.0186460Z 
2022-12-27T02:36:18.0382870Z   error: subprocess-exited-with-error
2022-12-27T02:36:18.0383160Z   
2022-12-27T02:36:18.0383610Z   Ã— python setup.py bdist_wheel did not run successfully.
2022-12-27T02:36:18.0383950Z   â”‚ exit code: 1
2022-12-27T02:36:18.0384240Z   â•°â”€> See above for output.
2022-12-27T02:36:18.0384460Z   
2022-12-27T02:36:18.0385570Z   note: This error originates from a subprocess, and is likely not a problem with pip.
2022-12-27T02:36:18.0394190Z   full command: /private/var/folders/51/hd414ycd67n82196sw51xqtc0000gn/T/cibw-run-up12yeq3/cp38-macosx_arm64/build/venv/bin/python -u -c '
2022-12-27T02:36:18.0394470Z   exec(compile('"'"''"'"''"'"'
2022-12-27T02:36:18.0394730Z   # This is <pip-setuptools-caller> -- a caller that pip uses to run setup.py
2022-12-27T02:36:18.0394880Z   #
2022-12-27T02:36:18.0395100Z   # - It imports setuptools before invoking setup.py, to enable projects that directly
2022-12-27T02:36:18.0395300Z   #   import from `distutils.core` to work with newer packaging standards.
2022-12-27T02:36:18.0395560Z   # - It provides a clear error message when setuptools is not installed.
2022-12-27T02:36:18.0395810Z   # - It sets `sys.argv[0]` to the underlying `setup.py`, when invoking `setup.py` so
2022-12-27T02:36:18.0396090Z   #   setuptools doesn'"'"'t think the script is `-c`. This avoids the following warning:
2022-12-27T02:36:18.0396320Z   #     manifest_maker: standard file '"'"'-c'"'"' not found".
2022-12-27T02:36:18.0396550Z   # - It generates a shim setup.py, for handling setup.cfg-only projects.
2022-12-27T02:36:18.0396710Z   import os, sys, tokenize
2022-12-27T02:36:18.0396820Z   
2022-12-27T02:36:18.0396910Z   try:
2022-12-27T02:36:18.0397010Z       import setuptools
2022-12-27T02:36:18.0397140Z   except ImportError as error:
2022-12-27T02:36:18.0397250Z       print(
2022-12-27T02:36:18.0397410Z           "ERROR: Can not execute `setup.py` since setuptools is not available in "
2022-12-27T02:36:18.0397570Z           "the build environment.",
2022-12-27T02:36:18.0397690Z           file=sys.stderr,
2022-12-27T02:36:18.0397800Z       )
2022-12-27T02:36:18.0397910Z       sys.exit(1)
2022-12-27T02:36:18.0398000Z   
2022-12-27T02:36:18.0398440Z   __file__ = %r
2022-12-27T02:36:18.0398590Z   sys.argv[0] = __file__
2022-12-27T02:36:18.0398690Z   
2022-12-27T02:36:18.0398800Z   if os.path.exists(__file__):
2022-12-27T02:36:18.0398920Z       filename = __file__
2022-12-27T02:36:18.0399050Z       with tokenize.open(__file__) as f:
2022-12-27T02:36:18.0399180Z           setup_py_code = f.read()
2022-12-27T02:36:18.0399290Z   else:
2022-12-27T02:36:18.0399480Z       filename = "<auto-generated setuptools caller>"
2022-12-27T02:36:18.0399640Z       setup_py_code = "from setuptools import setup; setup()"
2022-12-27T02:36:18.0399770Z   
2022-12-27T02:36:18.0399900Z   exec(compile(setup_py_code, filename, "exec"))
2022-12-27T02:36:18.0400390Z   '"'"''"'"''"'"' % ('"'"'/Users/runner/actions-runner/_work/python.build/python.build/build_grpcio120138/grpcio-1.20.1/setup.py'"'"',), "<pip-setuptools-caller>", "exec"))' bdist_wheel -d /private/var/folders/51/hd414ycd67n82196sw51xqtc0000gn/T/pip-wheel-p_zbyjj2
2022-12-27T02:36:18.0400880Z   cwd: /Users/runner/actions-runner/_work/python.build/python.build/build_grpcio120138/grpcio-1.20.1/
2022-12-27T02:36:18.0401160Z   Building wheel for grpcio (setup.py): finished with status 'error'
2022-12-27T02:36:18.0403480Z   ERROR: Failed building wheel for grpcio
2022-12-27T02:36:18.0406800Z   Running setup.py clean for grpcio
2022-12-27T02:36:18.0408890Z   Running command python setup.py clean
2022-12-27T02:36:18.3544580Z   This package needs to generate C files with Cython but it cannot. Poisoning extension sources to disallow extension commands...running clean
2022-12-27T02:36:18.3562090Z   removing 'python_build/temp.macosx-11.0-arm64-cpython-38' (and everything under it)
2022-12-27T02:36:18.3573040Z   removing 'python_build/lib.macosx-11.0-arm64-cpython-38' (and everything under it)
2022-12-27T02:36:18.3619590Z   'python_build/bdist.macosx-11.0-arm64' does not exist -- can't clean it
2022-12-27T02:36:18.3621750Z   'python_build/scripts-3.8' does not exist -- can't clean it
2022-12-27T02:36:18.3623690Z   removing 'python_build'
2022-12-27T02:36:18.3854470Z Failed to build grpcio
2022-12-27T02:36:18.3859360Z ERROR: Failed to build one or more wheels
2022-12-27T02:36:18.3870420Z Exception information:
2022-12-27T02:36:18.3870600Z Traceback (most recent call last):
2022-12-27T02:36:18.3871290Z   File "/private/var/folders/51/hd414ycd67n82196sw51xqtc0000gn/T/cibw-run-up12yeq3/cp38-macosx_arm64/build/venv/lib/python3.8/site-packages/pip/_internal/cli/base_command.py", line 160, in exc_logging_wrapper
2022-12-27T02:36:18.3871640Z     status = run_func(*args)
2022-12-27T02:36:18.3872110Z   File "/private/var/folders/51/hd414ycd67n82196sw51xqtc0000gn/T/cibw-run-up12yeq3/cp38-macosx_arm64/build/venv/lib/python3.8/site-packages/pip/_internal/cli/req_command.py", line 247, in wrapper
2022-12-27T02:36:18.3872410Z     return func(self, options, args)
2022-12-27T02:36:18.3872870Z   File "/private/var/folders/51/hd414ycd67n82196sw51xqtc0000gn/T/cibw-run-up12yeq3/cp38-macosx_arm64/build/venv/lib/python3.8/site-packages/pip/_internal/commands/wheel.py", line 201, in run
2022-12-27T02:36:18.3873200Z     raise CommandError("Failed to build one or more wheels")
2022-12-27T02:36:18.3873450Z pip._internal.exceptions.CommandError: Failed to build one or more wheels
2022-12-27T02:36:18.3873830Z Removed build tracker: '/private/var/folders/51/hd414ycd67n82196sw51xqtc0000gn/T/pip-build-tracker-a3_wkctj'
2022-12-27T02:36:18.4267780Z ##[endgroup]
2022-12-27T02:36:18.4268270Z                                                               [31mâœ• [0m1.66s
2022-12-27T02:36:18.4765520Z ##[error]Command ['python', '-m', 'pip', 'wheel', '/Users/runner/actions-runner/_work/python.build/python.build/build_grpcio120138/grpcio-1.20.1', '--wheel-dir=/private/var/folders/51/hd414ycd67n82196sw51xqtc0000gn/T/cibw-run-up12yeq3/cp38-macosx_arm64/built_wheel', '--no-deps', '-vvv'] failed with code 1. None
2022-12-27T02:36:18.4771930Z 
2022-12-27T02:36:18.4877640Z ##[error]Process completed with exit code 1.
2022-12-27T02:36:18.4908950Z ##[group]Run rm -rf build_grpcio120138 wheelsout
2022-12-27T02:36:18.4909160Z [36;1mrm -rf build_grpcio120138 wheelsout[0m
2022-12-27T02:36:18.4924340Z shell: /bin/bash -e {0}
2022-12-27T02:36:18.4924460Z env:
2022-12-27T02:36:18.4924610Z   pythonLocation: /Users/runner/hostedtoolcache/Python/3.8.15/x64
2022-12-27T02:36:18.4924810Z   PKG_CONFIG_PATH: /Users/runner/hostedtoolcache/Python/3.8.15/x64/lib/pkgconfig
2022-12-27T02:36:18.4925000Z   Python_ROOT_DIR: /Users/runner/hostedtoolcache/Python/3.8.15/x64
2022-12-27T02:36:18.4925190Z   Python2_ROOT_DIR: /Users/runner/hostedtoolcache/Python/3.8.15/x64
2022-12-27T02:36:18.4925370Z   Python3_ROOT_DIR: /Users/runner/hostedtoolcache/Python/3.8.15/x64
2022-12-27T02:36:18.4925510Z ##[endgroup]
2022-12-27T02:36:18.6195700Z Cleaning up orphan processes
