2022-12-27T01:56:05.9140126Z Requested labels: self-hosted, macOS, X64
2022-12-27T01:56:05.9140204Z Job defined at: kilnbuild/python.build/.github/workflows/mac_arm_build.yml@refs/heads/main
2022-12-27T01:56:05.9140237Z Waiting for a runner to pick up this job...
2022-12-27T02:33:25.2231127Z Job is about to start running on the runner: s1 (organization)
2022-12-27T02:33:31.2178800Z Current runner version: '2.300.2'
2022-12-27T02:33:31.2183990Z Runner name: 's1'
2022-12-27T02:33:31.2184250Z Runner group name: 'Default'
2022-12-27T02:33:31.2184680Z Machine name: 's1'
2022-12-27T02:33:31.2186240Z ##[group]GITHUB_TOKEN Permissions
2022-12-27T02:33:31.2186740Z Actions: write
2022-12-27T02:33:31.2186890Z Checks: write
2022-12-27T02:33:31.2187020Z Contents: write
2022-12-27T02:33:31.2187160Z Deployments: write
2022-12-27T02:33:31.2187300Z Discussions: write
2022-12-27T02:33:31.2187440Z Issues: write
2022-12-27T02:33:31.2187560Z Metadata: read
2022-12-27T02:33:31.2187700Z Packages: write
2022-12-27T02:33:31.2187840Z Pages: write
2022-12-27T02:33:31.2187970Z PullRequests: write
2022-12-27T02:33:31.2188140Z RepositoryProjects: write
2022-12-27T02:33:31.2188300Z SecurityEvents: write
2022-12-27T02:33:31.2188440Z Statuses: write
2022-12-27T02:33:31.2188570Z ##[endgroup]
2022-12-27T02:33:31.2191080Z Secret source: Actions
2022-12-27T02:33:31.2191440Z Prepare workflow directory
2022-12-27T02:33:31.2863150Z Prepare all required actions
2022-12-27T02:33:31.2985230Z Getting action download info
2022-12-27T02:33:31.7273630Z Download action repository 'actions/setup-python@v4' (SHA:5ccb29d8773c3f3f653e1705f474dfaa8a06a912)
2022-12-27T02:33:33.5304280Z Download action repository 'actions/upload-artifact@v3' (SHA:83fd05a356d7e2593de66fc9913b3002723633cb)
2022-12-27T02:33:34.8492130Z ##[group]Run echo '{
2022-12-27T02:33:34.8492460Z [36;1mecho '{[0m
2022-12-27T02:33:34.8492730Z [36;1m  "environment_variables": "GRPC_PYTHON_BUILD_WITH_CYTHON=1 GRPC_BUILD_WITH_BORING_SSL_ASM='' GRPC_PYTHON_BUILD_SYSTEM_OPENSSL=TRUE",[0m
2022-12-27T02:33:34.8492950Z [36;1m  "package_name": "grpcio",[0m
2022-12-27T02:33:34.8493220Z [36;1m  "package_url": "https://files.pythonhosted.org/packages/ae/b6/f58654d005ef714922ec75a3b208df31b27310cdafacc1f5d952e1a3ed30/grpcio-1.20.0.tar.gz",[0m
2022-12-27T02:33:34.8493440Z [36;1m  "package_version": "1.20.0",[0m
2022-12-27T02:33:34.8493600Z [36;1m  "python_version": "3.8",[0m
2022-12-27T02:33:34.8493770Z [36;1m  "use_ccache": "true"[0m
2022-12-27T02:33:34.8493930Z [36;1m}'[0m
2022-12-27T02:33:34.8510040Z shell: /bin/bash -e {0}
2022-12-27T02:33:34.8510180Z ##[endgroup]
2022-12-27T02:33:34.8726280Z {
2022-12-27T02:33:34.8727810Z   "environment_variables": "GRPC_PYTHON_BUILD_WITH_CYTHON=1 GRPC_BUILD_WITH_BORING_SSL_ASM= GRPC_PYTHON_BUILD_SYSTEM_OPENSSL=TRUE",
2022-12-27T02:33:34.8728120Z   "package_name": "grpcio",
2022-12-27T02:33:34.8728850Z   "package_url": "https://files.pythonhosted.org/packages/ae/b6/f58654d005ef714922ec75a3b208df31b27310cdafacc1f5d952e1a3ed30/grpcio-1.20.0.tar.gz",
2022-12-27T02:33:34.8729150Z   "package_version": "1.20.0",
2022-12-27T02:33:34.8729300Z   "python_version": "3.8",
2022-12-27T02:33:34.8729480Z   "use_ccache": "true"
2022-12-27T02:33:34.8729690Z }
2022-12-27T02:33:34.8946840Z ##[group]Run actions/setup-python@v4
2022-12-27T02:33:34.8947060Z with:
2022-12-27T02:33:34.8947250Z   python-version: 3.8
2022-12-27T02:33:34.8947440Z   check-latest: false
2022-12-27T02:33:34.8947750Z   token: ***
2022-12-27T02:33:34.8947990Z   update-environment: true
2022-12-27T02:33:34.8948180Z ##[endgroup]
2022-12-27T02:33:35.0211680Z ##[group]Installed versions
2022-12-27T02:33:35.0251620Z Successfully set up CPython (3.8.15)
2022-12-27T02:33:35.0252670Z ##[endgroup]
2022-12-27T02:33:35.0402560Z ##[group]Run if [ "true" == "true" ]
2022-12-27T02:33:35.0402900Z [36;1mif [ "true" == "true" ][0m
2022-12-27T02:33:35.0403050Z [36;1mthen[0m
2022-12-27T02:33:35.0403270Z [36;1m  echo "CCACHE_PATH_PREPEND=/usr/local/opt/ccache/libexec" >> $GITHUB_OUTPUT[0m
2022-12-27T02:33:35.0403740Z [36;1melse[0m
2022-12-27T02:33:35.0403980Z [36;1m  echo "CCACHE_PATH_PREPEND=" >> $GITHUB_OUTPUT[0m
2022-12-27T02:33:35.0404130Z [36;1mfi[0m
2022-12-27T02:33:35.0420850Z shell: /bin/bash -e {0}
2022-12-27T02:33:35.0421070Z env:
2022-12-27T02:33:35.0421380Z   pythonLocation: /Users/runner/hostedtoolcache/Python/3.8.15/x64
2022-12-27T02:33:35.0421620Z   PKG_CONFIG_PATH: /Users/runner/hostedtoolcache/Python/3.8.15/x64/lib/pkgconfig
2022-12-27T02:33:35.0422160Z   Python_ROOT_DIR: /Users/runner/hostedtoolcache/Python/3.8.15/x64
2022-12-27T02:33:35.0422410Z   Python2_ROOT_DIR: /Users/runner/hostedtoolcache/Python/3.8.15/x64
2022-12-27T02:33:35.0422700Z   Python3_ROOT_DIR: /Users/runner/hostedtoolcache/Python/3.8.15/x64
2022-12-27T02:33:35.0422920Z ##[endgroup]
2022-12-27T02:33:35.0531900Z ##[group]Run echo "BUILD_NAME=$(echo grpcio_1.20.0_3.8 | tr -dc '[:alnum:]\n\r' | tr '[:upper:]' '[:lower:]')" >> $GITHUB_OUTPUT
2022-12-27T02:33:35.0532400Z [36;1mecho "BUILD_NAME=$(echo grpcio_1.20.0_3.8 | tr -dc '[:alnum:]\n\r' | tr '[:upper:]' '[:lower:]')" >> $GITHUB_OUTPUT[0m
2022-12-27T02:33:35.0546490Z shell: /bin/bash -e {0}
2022-12-27T02:33:35.0546800Z env:
2022-12-27T02:33:35.0547100Z   pythonLocation: /Users/runner/hostedtoolcache/Python/3.8.15/x64
2022-12-27T02:33:35.0547340Z   PKG_CONFIG_PATH: /Users/runner/hostedtoolcache/Python/3.8.15/x64/lib/pkgconfig
2022-12-27T02:33:35.0547600Z   Python_ROOT_DIR: /Users/runner/hostedtoolcache/Python/3.8.15/x64
2022-12-27T02:33:35.0547890Z   Python2_ROOT_DIR: /Users/runner/hostedtoolcache/Python/3.8.15/x64
2022-12-27T02:33:35.0548220Z   Python3_ROOT_DIR: /Users/runner/hostedtoolcache/Python/3.8.15/x64
2022-12-27T02:33:35.0548390Z ##[endgroup]
2022-12-27T02:33:35.0691100Z ##[group]Run echo "PYTHON_NO_DOTS=$(echo 3.8 | tr -dc '[:alnum:]\n\r' | tr '[:upper:]' '[:lower:]')" >> $GITHUB_OUTPUT
2022-12-27T02:33:35.0691550Z [36;1mecho "PYTHON_NO_DOTS=$(echo 3.8 | tr -dc '[:alnum:]\n\r' | tr '[:upper:]' '[:lower:]')" >> $GITHUB_OUTPUT[0m
2022-12-27T02:33:35.0708460Z shell: /bin/bash -e {0}
2022-12-27T02:33:35.0708640Z env:
2022-12-27T02:33:35.0708830Z   pythonLocation: /Users/runner/hostedtoolcache/Python/3.8.15/x64
2022-12-27T02:33:35.0709120Z   PKG_CONFIG_PATH: /Users/runner/hostedtoolcache/Python/3.8.15/x64/lib/pkgconfig
2022-12-27T02:33:35.0709380Z   Python_ROOT_DIR: /Users/runner/hostedtoolcache/Python/3.8.15/x64
2022-12-27T02:33:35.0709590Z   Python2_ROOT_DIR: /Users/runner/hostedtoolcache/Python/3.8.15/x64
2022-12-27T02:33:35.0709870Z   Python3_ROOT_DIR: /Users/runner/hostedtoolcache/Python/3.8.15/x64
2022-12-27T02:33:35.0710050Z ##[endgroup]
2022-12-27T02:33:35.0820520Z ##[group]Run rm -rf build_grpcio120038
2022-12-27T02:33:35.0820880Z [36;1mrm -rf build_grpcio120038[0m
2022-12-27T02:33:35.0821080Z [36;1mmkdir build_grpcio120038[0m
2022-12-27T02:33:35.0821230Z [36;1mcd build_grpcio120038[0m
2022-12-27T02:33:35.0821600Z [36;1m/usr/local/bin/wget --quiet https://files.pythonhosted.org/packages/ae/b6/f58654d005ef714922ec75a3b208df31b27310cdafacc1f5d952e1a3ed30/grpcio-1.20.0.tar.gz[0m
2022-12-27T02:33:35.0821880Z [36;1mtar xf *.tar.gz[0m
2022-12-27T02:33:35.0822040Z [36;1mcd grpcio-*/[0m
2022-12-27T02:33:35.0822260Z [36;1mpython -m pip install cibuildwheel==2.11.3[0m
2022-12-27T02:33:35.0822490Z [36;1mpython -m cibuildwheel --output-dir ../wheelsout[0m
2022-12-27T02:33:35.0836650Z shell: /bin/bash -e {0}
2022-12-27T02:33:35.0836810Z env:
2022-12-27T02:33:35.0837060Z   pythonLocation: /Users/runner/hostedtoolcache/Python/3.8.15/x64
2022-12-27T02:33:35.0837420Z   PKG_CONFIG_PATH: /Users/runner/hostedtoolcache/Python/3.8.15/x64/lib/pkgconfig
2022-12-27T02:33:35.0837650Z   Python_ROOT_DIR: /Users/runner/hostedtoolcache/Python/3.8.15/x64
2022-12-27T02:33:35.0837890Z   Python2_ROOT_DIR: /Users/runner/hostedtoolcache/Python/3.8.15/x64
2022-12-27T02:33:35.0838130Z   Python3_ROOT_DIR: /Users/runner/hostedtoolcache/Python/3.8.15/x64
2022-12-27T02:33:35.0838300Z   CIBW_ARCHS_MACOS: arm64
2022-12-27T02:33:35.0838510Z   CIBW_TEST_SKIP: *_arm64
2022-12-27T02:33:35.0838690Z   CIBW_BUILD: cp38-macosx_arm64
2022-12-27T02:33:35.0838850Z   CIBW_BUILD_FRONTEND: pip
2022-12-27T02:33:35.0839020Z   CIBW_BUILD_VERBOSITY: 3
2022-12-27T02:33:35.0839440Z   CIBW_ENVIRONMENT_MACOS: GRPC_PYTHON_BUILD_WITH_CYTHON=1 GRPC_BUILD_WITH_BORING_SSL_ASM='' GRPC_PYTHON_BUILD_SYSTEM_OPENSSL=TRUE CFLAGS="-I/usr/local/opt/openssl@3/include" LDFLAGS="-L/usr/local/opt/openssl@3/lib" CPPFLAGS="-I/usr/local/opt/openssl@3/include" MAKEFLAGS="-j$(sysctl -n hw.logicalcpu)" PATH=/usr/local/opt/ccache/libexec:$PATH
2022-12-27T02:33:35.0840090Z   CIBW_BEFORE_BUILD: pip install Cython; if [[ -f requirements.txt ]]; then pip install -r requirements.txt; fi
2022-12-27T02:33:35.0840340Z   MAKEFLAGS: -j$(sysctl -n hw.logicalcpu)
2022-12-27T02:33:35.0840500Z ##[endgroup]
2022-12-27T02:33:35.9762410Z Requirement already satisfied: cibuildwheel==2.11.3 in /Users/runner/hostedtoolcache/Python/3.8.15/x64/lib/python3.8/site-packages (2.11.3)
2022-12-27T02:33:36.0111100Z Requirement already satisfied: platformdirs in /Users/runner/hostedtoolcache/Python/3.8.15/x64/lib/python3.8/site-packages (from cibuildwheel==2.11.3) (2.6.0)
2022-12-27T02:33:36.0114480Z Requirement already satisfied: filelock in /Users/runner/hostedtoolcache/Python/3.8.15/x64/lib/python3.8/site-packages (from cibuildwheel==2.11.3) (3.8.2)
2022-12-27T02:33:36.0117990Z Requirement already satisfied: certifi in /Users/runner/hostedtoolcache/Python/3.8.15/x64/lib/python3.8/site-packages (from cibuildwheel==2.11.3) (2022.12.7)
2022-12-27T02:33:36.0124090Z Requirement already satisfied: tomli in /Users/runner/hostedtoolcache/Python/3.8.15/x64/lib/python3.8/site-packages (from cibuildwheel==2.11.3) (2.0.1)
2022-12-27T02:33:36.0134180Z Requirement already satisfied: typing-extensions>=4.1.0 in /Users/runner/hostedtoolcache/Python/3.8.15/x64/lib/python3.8/site-packages (from cibuildwheel==2.11.3) (4.4.0)
2022-12-27T02:33:36.0139440Z Requirement already satisfied: bashlex!=0.13 in /Users/runner/hostedtoolcache/Python/3.8.15/x64/lib/python3.8/site-packages (from cibuildwheel==2.11.3) (0.16)
2022-12-27T02:33:36.0144490Z Requirement already satisfied: packaging>=20.9 in /Users/runner/hostedtoolcache/Python/3.8.15/x64/lib/python3.8/site-packages (from cibuildwheel==2.11.3) (22.0)
2022-12-27T02:33:36.0148030Z Requirement already satisfied: bracex in /Users/runner/hostedtoolcache/Python/3.8.15/x64/lib/python3.8/site-packages (from cibuildwheel==2.11.3) (2.3.post1)
2022-12-27T02:33:36.1942050Z 
2022-12-27T02:33:36.1942590Z      _ _       _ _   _       _           _
2022-12-27T02:33:36.1943080Z  ___|_| |_ _ _|_| |_| |_ _ _| |_ ___ ___| |
2022-12-27T02:33:36.1944980Z |  _| | . | | | | | . | | | |   | -_| -_| |
2022-12-27T02:33:36.1945430Z |___|_|___|___|_|_|___|_____|_|_|___|___|_|
2022-12-27T02:33:36.1945630Z 
2022-12-27T02:33:36.1945800Z cibuildwheel version 2.11.3
2022-12-27T02:33:36.1946010Z 
2022-12-27T02:33:36.1946120Z Build options:
2022-12-27T02:33:36.1946560Z   platform: macos
2022-12-27T02:33:36.2149000Z   architectures: arm64[0m
2022-12-27T02:33:36.2149340Z   build_selector: 
2022-12-27T02:33:36.2149910Z     build_config: cp38-macosx_arm64
2022-12-27T02:33:36.2150490Z     skip_config: 
2022-12-27T02:33:36.2150860Z     requires_python: None
2022-12-27T02:33:36.2151310Z     prerelease_pythons: False[0m
2022-12-27T02:33:36.2151810Z   [38;5;244mcontainer_engine: docker[0m
2022-12-27T02:33:36.2152750Z   output_dir: /Users/runner/actions-runner/_work/python.build/python.build/build_grpcio120038/wheelsout[0m
2022-12-27T02:33:36.2153530Z   package_dir: /Users/runner/actions-runner/_work/python.build/python.build/build_grpcio120038/grpcio-1.20.0[0m
2022-12-27T02:33:36.2154030Z   test_selector: 
2022-12-27T02:33:36.2154700Z     skip_config: *_arm64[0m
2022-12-27T02:33:36.2155200Z   [38;5;244mbefore_all: [0m
2022-12-27T02:33:36.2155820Z   before_build: pip install Cython; if [[ -f requirements.txt ]]; then pip install -r requirements.txt; fi[0m
2022-12-27T02:33:36.2156610Z   [38;5;244mbefore_test: [0m
2022-12-27T02:33:36.2157130Z   [38;5;244mbuild_frontend: pip[0m
2022-12-27T02:33:36.2157530Z   build_verbosity: 3[0m
2022-12-27T02:33:36.2157980Z   [38;5;244mconfig_settings: [0m
2022-12-27T02:33:36.2158670Z   [38;5;244mdependency_constraints: pinned[0m
2022-12-27T02:33:36.2158990Z   environment: 
2022-12-27T02:33:36.2159360Z     GRPC_PYTHON_BUILD_WITH_CYTHON=1
2022-12-27T02:33:36.2159800Z     GRPC_BUILD_WITH_BORING_SSL_ASM=''
2022-12-27T02:33:36.2160140Z     GRPC_PYTHON_BUILD_SYSTEM_OPENSSL=TRUE
2022-12-27T02:33:36.2161280Z     CFLAGS="-I/usr/local/opt/openssl@3/include"
2022-12-27T02:33:36.2161810Z     LDFLAGS="-L/usr/local/opt/openssl@3/lib"
2022-12-27T02:33:36.2162240Z     CPPFLAGS="-I/usr/local/opt/openssl@3/include"
2022-12-27T02:33:36.2162620Z     MAKEFLAGS="-j$(sysctl -n hw.logicalcpu)"
2022-12-27T02:33:36.2163080Z     PATH=/usr/local/opt/ccache/libexec:$PATH[0m
2022-12-27T02:33:36.2163620Z   [38;5;244mmanylinux_images: None[0m
2022-12-27T02:33:36.2163960Z   [38;5;244mmusllinux_images: None[0m
2022-12-27T02:33:36.2164470Z   [38;5;244mrepair_command: delocate-wheel --require-archs {delocate_archs} -w {dest_dir} -v {wheel}[0m
2022-12-27T02:33:36.2164910Z   [38;5;244mtest_command: [0m
2022-12-27T02:33:36.2165220Z   [38;5;244mtest_extras: [0m
2022-12-27T02:33:36.2165750Z   [38;5;244mtest_requires: [0m
2022-12-27T02:33:36.2165930Z 
2022-12-27T02:33:36.2166100Z Cache folder: /Users/runner/Library/Caches/cibuildwheel
2022-12-27T02:33:36.2172700Z 
2022-12-27T02:33:36.2173170Z Here we go!
2022-12-27T02:33:36.2173310Z 
2022-12-27T02:33:36.2241020Z 
2022-12-27T02:33:36.2241520Z [1m[34mBuilding cp38-macosx_arm64 wheel[0m
2022-12-27T02:33:36.2241870Z CPython 3.8 macOS arm64 - Apple Silicon
2022-12-27T02:33:36.2242020Z 
2022-12-27T02:33:36.2244670Z ##[group]Installing Python cp38...
2022-12-27T02:33:36.2244850Z 
2022-12-27T02:33:36.2245530Z + pkgutil --pkgs
2022-12-27T02:33:36.2343390Z ##[endgroup]
2022-12-27T02:33:36.2344300Z                                                               [32mâœ“ [0m0.01s
2022-12-27T02:33:36.2344770Z ##[group]Setting up build environment...
2022-12-27T02:33:36.2344900Z 
2022-12-27T02:33:36.2363400Z + /Users/runner/hostedtoolcache/Python/3.8.15/x64/bin/python -sS /Users/runner/Library/Caches/cibuildwheel/virtualenv-20.17.0.pyz --activators= --no-periodic-update --pip=22.3.1 --setuptools=65.6.3 --wheel=0.38.4 --symlink-app-data --python /Library/Frameworks/Python.framework/Versions/3.8/bin/python3 /private/var/folders/51/hd414ycd67n82196sw51xqtc0000gn/T/cibw-run-ozfkevsb/cp38-macosx_arm64/build/venv
2022-12-27T02:33:36.4225540Z created virtual environment CPython3.8.10.final.0-64 in 46ms
2022-12-27T02:33:36.4226580Z   creator CPython3Posix(dest=/private/var/folders/51/hd414ycd67n82196sw51xqtc0000gn/T/cibw-run-ozfkevsb/cp38-macosx_arm64/build/venv, clear=False, no_vcs_ignore=False, global=False)
2022-12-27T02:33:36.4227020Z   seeder FromAppData(download=False, pip=22.3.1, setuptools=65.6.3, wheel=0.38.4, via=symlink, app_data_dir=/Users/runner/Library/Application Support/virtualenv)
2022-12-27T02:33:36.4227340Z     added seed packages: pip==22.3.1, setuptools==65.6.3, wheel==0.38.4
2022-12-27T02:33:36.4335830Z + python -m pip install --upgrade pip -c /Users/runner/hostedtoolcache/Python/3.8.15/x64/lib/python3.8/site-packages/cibuildwheel/resources/constraints-python38.txt
2022-12-27T02:33:36.7386440Z Requirement already satisfied: pip in ./lib/python3.8/site-packages (22.3.1)
2022-12-27T02:33:36.8812470Z + which pip
2022-12-27T02:33:36.8832820Z /private/var/folders/51/hd414ycd67n82196sw51xqtc0000gn/T/cibw-run-ozfkevsb/cp38-macosx_arm64/build/venv/bin/pip
2022-12-27T02:33:36.8835310Z + pip --version
2022-12-27T02:33:37.1104520Z pip 22.3.1 from /private/var/folders/51/hd414ycd67n82196sw51xqtc0000gn/T/cibw-run-ozfkevsb/cp38-macosx_arm64/build/venv/lib/python3.8/site-packages/pip (python 3.8)
2022-12-27T02:33:37.1317050Z + which pip
2022-12-27T02:33:37.1344450Z + which python
2022-12-27T02:33:37.1363580Z /private/var/folders/51/hd414ycd67n82196sw51xqtc0000gn/T/cibw-run-ozfkevsb/cp38-macosx_arm64/build/venv/bin/python
2022-12-27T02:33:37.1366120Z + python --version
2022-12-27T02:33:37.1412400Z Python 3.8.10
2022-12-27T02:33:37.1415170Z + which python
2022-12-27T02:33:37.1467920Z ##[endgroup]
2022-12-27T02:33:37.1468440Z                                                               [32mâœ“ [0m0.91s
2022-12-27T02:33:37.1469110Z ##[group]Installing build tools...
2022-12-27T02:33:37.1469270Z 
2022-12-27T02:33:37.1469680Z + pip install --upgrade setuptools wheel delocate -c /Users/runner/hostedtoolcache/Python/3.8.15/x64/lib/python3.8/site-packages/cibuildwheel/resources/constraints-python38.txt
2022-12-27T02:33:37.4489520Z Requirement already satisfied: setuptools in /private/var/folders/51/hd414ycd67n82196sw51xqtc0000gn/T/cibw-run-ozfkevsb/cp38-macosx_arm64/build/venv/lib/python3.8/site-packages (65.6.3)
2022-12-27T02:33:37.6727220Z Requirement already satisfied: wheel in /private/var/folders/51/hd414ycd67n82196sw51xqtc0000gn/T/cibw-run-ozfkevsb/cp38-macosx_arm64/build/venv/lib/python3.8/site-packages (0.38.4)
2022-12-27T02:33:37.7196630Z Collecting delocate
2022-12-27T02:33:37.7221380Z   Using cached delocate-0.10.3-py3-none-any.whl (142 kB)
2022-12-27T02:33:37.7535610Z Collecting packaging>=20.9
2022-12-27T02:33:37.7556900Z   Using cached packaging-21.3-py3-none-any.whl (40 kB)
2022-12-27T02:33:37.7760650Z Collecting typing-extensions
2022-12-27T02:33:37.7781770Z   Using cached typing_extensions-4.4.0-py3-none-any.whl (26 kB)
2022-12-27T02:33:37.8145060Z Collecting pyparsing!=3.0.5,>=2.0.2
2022-12-27T02:33:37.8180260Z   Using cached pyparsing-3.0.9-py3-none-any.whl (98 kB)
2022-12-27T02:33:37.8568440Z Installing collected packages: typing-extensions, pyparsing, packaging, delocate
2022-12-27T02:33:37.9916150Z Successfully installed delocate-0.10.3 packaging-21.3 pyparsing-3.0.9 typing-extensions-4.4.0
2022-12-27T02:33:38.0317620Z ##[endgroup]
2022-12-27T02:33:38.0318390Z                                                               [32mâœ“ [0m0.88s
2022-12-27T02:33:38.0318770Z ##[group]Running before_build...
2022-12-27T02:33:38.0318890Z 
2022-12-27T02:33:38.0324080Z + pip install Cython; if [[ -f requirements.txt ]]; then pip install -r requirements.txt; fi
2022-12-27T02:33:38.7199740Z Collecting Cython
2022-12-27T02:33:38.7246480Z   Using cached Cython-0.29.32-py2.py3-none-any.whl (986 kB)
2022-12-27T02:33:38.7675410Z Installing collected packages: Cython
2022-12-27T02:33:39.1947090Z Successfully installed Cython-0.29.32
2022-12-27T02:33:39.9507470Z Collecting coverage>=4.0
2022-12-27T02:33:39.9536430Z   Using cached coverage-7.0.1-cp38-cp38-macosx_10_9_x86_64.whl (187 kB)
2022-12-27T02:33:40.3062460Z Collecting cython==0.28.3
2022-12-27T02:33:40.3127160Z   Using cached Cython-0.28.3.tar.gz (1.9 MB)
2022-12-27T02:33:40.8167730Z   Preparing metadata (setup.py): started
2022-12-27T02:33:48.4392030Z   Preparing metadata (setup.py): finished with status 'done'
2022-12-27T02:33:48.4604550Z Collecting enum34>=1.0.4
2022-12-27T02:33:48.4629140Z   Using cached enum34-1.1.10-py3-none-any.whl (11 kB)
2022-12-27T02:33:48.7609470Z Collecting protobuf>=3.5.0.post1
2022-12-27T02:33:48.7641200Z   Using cached protobuf-4.21.12-cp37-abi3-macosx_10_9_universal2.whl (486 kB)
2022-12-27T02:33:48.7841970Z Collecting six>=1.10
2022-12-27T02:33:48.7862710Z   Using cached six-1.16.0-py2.py3-none-any.whl (11 kB)
2022-12-27T02:33:48.7881170Z Requirement already satisfied: wheel>=0.29 in /private/var/folders/51/hd414ycd67n82196sw51xqtc0000gn/T/cibw-run-ozfkevsb/cp38-macosx_arm64/build/venv/lib/python3.8/site-packages (from -r requirements.txt (line 7)) (0.38.4)
2022-12-27T02:33:48.7967400Z Building wheels for collected packages: cython
2022-12-27T02:33:48.7972180Z   Building wheel for cython (setup.py): started
2022-12-27T02:34:47.1738830Z   Building wheel for cython (setup.py): finished with status 'done'
2022-12-27T02:34:47.1839720Z   Created wheel for cython: filename=Cython-0.28.3-cp38-cp38-macosx_11_0_arm64.whl size=2782844 sha256=38902ab2f9c8382121cbe98f11c9f15de77877ddbf77fa44a082e1c04947feb2
2022-12-27T02:34:47.1841590Z   Stored in directory: /Users/runner/Library/Caches/pip/wheels/23/f6/6b/17d3e69e31dbfb391f0440c2dc993ecd2fc7c17010f6f115c3
2022-12-27T02:34:47.1887700Z Successfully built cython
2022-12-27T02:34:47.2276640Z Installing collected packages: enum34, six, protobuf, cython, coverage
2022-12-27T02:34:47.4021640Z   Attempting uninstall: cython
2022-12-27T02:34:47.4028940Z     Found existing installation: Cython 0.29.32
2022-12-27T02:34:47.5630470Z     Uninstalling Cython-0.29.32:
2022-12-27T02:34:47.5742990Z       Successfully uninstalled Cython-0.29.32
2022-12-27T02:34:48.1435910Z Successfully installed coverage-7.0.1 cython-0.28.3 enum34-1.1.10 protobuf-4.21.12 six-1.16.0
2022-12-27T02:34:48.3291900Z ##[endgroup]
2022-12-27T02:34:48.3292540Z                                                              [32mâœ“ [0m70.30s
2022-12-27T02:34:48.3293310Z ##[group]Building wheel...
2022-12-27T02:34:48.3293470Z 
2022-12-27T02:34:48.3298210Z + python -m pip wheel /Users/runner/actions-runner/_work/python.build/python.build/build_grpcio120038/grpcio-1.20.0 --wheel-dir=/private/var/folders/51/hd414ycd67n82196sw51xqtc0000gn/T/cibw-run-ozfkevsb/cp38-macosx_arm64/built_wheel --no-deps -vvv
2022-12-27T02:34:48.6159130Z Created temporary directory: /private/var/folders/51/hd414ycd67n82196sw51xqtc0000gn/T/pip-ephem-wheel-cache-ldiavpmm
2022-12-27T02:34:48.6163230Z Created temporary directory: /private/var/folders/51/hd414ycd67n82196sw51xqtc0000gn/T/pip-build-tracker-whzj5mvb
2022-12-27T02:34:48.6165600Z Initialized build tracking at /private/var/folders/51/hd414ycd67n82196sw51xqtc0000gn/T/pip-build-tracker-whzj5mvb
2022-12-27T02:34:48.6167560Z Created build tracker: /private/var/folders/51/hd414ycd67n82196sw51xqtc0000gn/T/pip-build-tracker-whzj5mvb
2022-12-27T02:34:48.6169530Z Entered build tracker: /private/var/folders/51/hd414ycd67n82196sw51xqtc0000gn/T/pip-build-tracker-whzj5mvb
2022-12-27T02:34:48.6173240Z Created temporary directory: /private/var/folders/51/hd414ycd67n82196sw51xqtc0000gn/T/pip-wheel-wnspasf_
2022-12-27T02:34:48.6180070Z Created temporary directory: /private/var/folders/51/hd414ycd67n82196sw51xqtc0000gn/T/pip-ephem-wheel-cache-cdyrl792
2022-12-27T02:34:48.6263840Z Processing /Users/runner/actions-runner/_work/python.build/python.build/build_grpcio120038/grpcio-1.20.0
2022-12-27T02:34:48.6269090Z   Added file:///Users/runner/actions-runner/_work/python.build/python.build/build_grpcio120038/grpcio-1.20.0 to build tracker '/private/var/folders/51/hd414ycd67n82196sw51xqtc0000gn/T/pip-build-tracker-whzj5mvb'
2022-12-27T02:34:48.6273480Z   Running setup.py (path:/Users/runner/actions-runner/_work/python.build/python.build/build_grpcio120038/grpcio-1.20.0/setup.py) egg_info for package from file:///Users/runner/actions-runner/_work/python.build/python.build/build_grpcio120038/grpcio-1.20.0
2022-12-27T02:34:48.6276820Z   Created temporary directory: /private/var/folders/51/hd414ycd67n82196sw51xqtc0000gn/T/pip-pip-egg-info-my8z6cf4
2022-12-27T02:34:48.6278550Z   Preparing metadata (setup.py): started
2022-12-27T02:34:48.6280840Z   Running command python setup.py egg_info
2022-12-27T02:34:48.9447610Z   running egg_info
2022-12-27T02:34:48.9449500Z   creating /private/var/folders/51/hd414ycd67n82196sw51xqtc0000gn/T/pip-pip-egg-info-my8z6cf4/grpcio.egg-info
2022-12-27T02:34:48.9455390Z   writing /private/var/folders/51/hd414ycd67n82196sw51xqtc0000gn/T/pip-pip-egg-info-my8z6cf4/grpcio.egg-info/PKG-INFO
2022-12-27T02:34:48.9459400Z   writing dependency_links to /private/var/folders/51/hd414ycd67n82196sw51xqtc0000gn/T/pip-pip-egg-info-my8z6cf4/grpcio.egg-info/dependency_links.txt
2022-12-27T02:34:48.9462510Z   writing requirements to /private/var/folders/51/hd414ycd67n82196sw51xqtc0000gn/T/pip-pip-egg-info-my8z6cf4/grpcio.egg-info/requires.txt
2022-12-27T02:34:48.9464980Z   writing top-level names to /private/var/folders/51/hd414ycd67n82196sw51xqtc0000gn/T/pip-pip-egg-info-my8z6cf4/grpcio.egg-info/top_level.txt
2022-12-27T02:34:48.9467300Z   writing manifest file '/private/var/folders/51/hd414ycd67n82196sw51xqtc0000gn/T/pip-pip-egg-info-my8z6cf4/grpcio.egg-info/SOURCES.txt'
2022-12-27T02:34:48.9529830Z   reading manifest file '/private/var/folders/51/hd414ycd67n82196sw51xqtc0000gn/T/pip-pip-egg-info-my8z6cf4/grpcio.egg-info/SOURCES.txt'
2022-12-27T02:34:48.9532440Z   reading manifest template 'PYTHON-MANIFEST.in'
2022-12-27T02:34:48.9552360Z   /Users/runner/actions-runner/_work/python.build/python.build/build_grpcio120038/grpcio-1.20.0/src/python/grpcio/commands.py:102: SyntaxWarning: "is not" with a literal. Did you mean "!="?
2022-12-27T02:34:48.9554390Z     if exit_code is not 0:
2022-12-27T02:34:48.9557830Z   This package needs to generate C files with Cython but it cannot. Poisoning extension sources to disallow extension commands...warning: no files found matching '*.c' under directory 'src/python/grpcio/grpc'
2022-12-27T02:34:48.9569560Z   warning: no files found matching '*.h' under directory 'src/python/grpcio/grpc'
2022-12-27T02:34:48.9666460Z   warning: no files found matching '*.python' under directory 'src/python/grpcio/grpc'
2022-12-27T02:34:48.9686690Z   warning: no previously-included files matching '*.so' found under directory 'src/python/grpcio/grpc/_cython'
2022-12-27T02:34:48.9689260Z   warning: no previously-included files matching '*.pyd' found under directory 'src/python/grpcio/grpc/_cython'
2022-12-27T02:34:49.0033020Z   warning: no files found matching 'src/python/grpcio/precompiled.py'
2022-12-27T02:34:49.0036460Z   adding license file 'LICENSE'
2022-12-27T02:34:49.0204890Z   writing manifest file '/private/var/folders/51/hd414ycd67n82196sw51xqtc0000gn/T/pip-pip-egg-info-my8z6cf4/grpcio.egg-info/SOURCES.txt'
2022-12-27T02:34:49.0443880Z   Preparing metadata (setup.py): finished with status 'done'
2022-12-27T02:34:49.0528670Z   Source in /Users/runner/actions-runner/_work/python.build/python.build/build_grpcio120038/grpcio-1.20.0 has version 1.20.0, which satisfies requirement grpcio==1.20.0 from file:///Users/runner/actions-runner/_work/python.build/python.build/build_grpcio120038/grpcio-1.20.0
2022-12-27T02:34:49.0529460Z   Removed grpcio==1.20.0 from file:///Users/runner/actions-runner/_work/python.build/python.build/build_grpcio120038/grpcio-1.20.0 from build tracker '/private/var/folders/51/hd414ycd67n82196sw51xqtc0000gn/T/pip-build-tracker-whzj5mvb'
2022-12-27T02:34:49.0592670Z Created temporary directory: /private/var/folders/51/hd414ycd67n82196sw51xqtc0000gn/T/pip-unpack-9lrl4cuc
2022-12-27T02:34:49.0594570Z Building wheels for collected packages: grpcio
2022-12-27T02:34:49.0599840Z   Created temporary directory: /private/var/folders/51/hd414ycd67n82196sw51xqtc0000gn/T/pip-wheel-g9t3sn25
2022-12-27T02:34:49.0601950Z   Building wheel for grpcio (setup.py): started
2022-12-27T02:34:49.0603670Z   Destination directory: /private/var/folders/51/hd414ycd67n82196sw51xqtc0000gn/T/pip-wheel-g9t3sn25
2022-12-27T02:34:49.0604960Z   Running command python setup.py bdist_wheel
2022-12-27T02:34:49.3785480Z   This package needs to generate C files with Cython but it cannot. Poisoning extension sources to disallow extension commands...running bdist_wheel
2022-12-27T02:34:49.3817770Z   running build
2022-12-27T02:34:49.3820250Z   running build_py
2022-12-27T02:34:49.3821670Z   running build_project_metadata
2022-12-27T02:34:49.3827610Z   creating python_build
2022-12-27T02:34:49.3829540Z   creating python_build/lib.macosx-11.0-arm64-cpython-38
2022-12-27T02:34:49.3830670Z   creating python_build/lib.macosx-11.0-arm64-cpython-38/grpc
2022-12-27T02:34:49.3832480Z   copying src/python/grpcio/grpc/_channel.py -> python_build/lib.macosx-11.0-arm64-cpython-38/grpc
2022-12-27T02:34:49.3836470Z   copying src/python/grpcio/grpc/_common.py -> python_build/lib.macosx-11.0-arm64-cpython-38/grpc
2022-12-27T02:34:49.3840010Z   copying src/python/grpcio/grpc/__init__.py -> python_build/lib.macosx-11.0-arm64-cpython-38/grpc
2022-12-27T02:34:49.3844000Z   copying src/python/grpcio/grpc/_utilities.py -> python_build/lib.macosx-11.0-arm64-cpython-38/grpc
2022-12-27T02:34:49.3847040Z   copying src/python/grpcio/grpc/_plugin_wrapping.py -> python_build/lib.macosx-11.0-arm64-cpython-38/grpc
2022-12-27T02:34:49.3849950Z   copying src/python/grpcio/grpc/_interceptor.py -> python_build/lib.macosx-11.0-arm64-cpython-38/grpc
2022-12-27T02:34:49.3853360Z   copying src/python/grpcio/grpc/_grpcio_metadata.py -> python_build/lib.macosx-11.0-arm64-cpython-38/grpc
2022-12-27T02:34:49.3856430Z   copying src/python/grpcio/grpc/_server.py -> python_build/lib.macosx-11.0-arm64-cpython-38/grpc
2022-12-27T02:34:49.3859840Z   copying src/python/grpcio/grpc/_auth.py -> python_build/lib.macosx-11.0-arm64-cpython-38/grpc
2022-12-27T02:34:49.3866810Z   creating python_build/lib.macosx-11.0-arm64-cpython-38/grpc/beta
2022-12-27T02:34:49.3869900Z   copying src/python/grpcio/grpc/beta/_server_adaptations.py -> python_build/lib.macosx-11.0-arm64-cpython-38/grpc/beta
2022-12-27T02:34:49.3871680Z   copying src/python/grpcio/grpc/beta/interfaces.py -> python_build/lib.macosx-11.0-arm64-cpython-38/grpc/beta
2022-12-27T02:34:49.3874830Z   copying src/python/grpcio/grpc/beta/_metadata.py -> python_build/lib.macosx-11.0-arm64-cpython-38/grpc/beta
2022-12-27T02:34:49.3877580Z   copying src/python/grpcio/grpc/beta/__init__.py -> python_build/lib.macosx-11.0-arm64-cpython-38/grpc/beta
2022-12-27T02:34:49.3881020Z   copying src/python/grpcio/grpc/beta/utilities.py -> python_build/lib.macosx-11.0-arm64-cpython-38/grpc/beta
2022-12-27T02:34:49.3885560Z   copying src/python/grpcio/grpc/beta/implementations.py -> python_build/lib.macosx-11.0-arm64-cpython-38/grpc/beta
2022-12-27T02:34:49.3888220Z   copying src/python/grpcio/grpc/beta/_client_adaptations.py -> python_build/lib.macosx-11.0-arm64-cpython-38/grpc/beta
2022-12-27T02:34:49.3894090Z   creating python_build/lib.macosx-11.0-arm64-cpython-38/grpc/experimental
2022-12-27T02:34:49.3895740Z   copying src/python/grpcio/grpc/experimental/gevent.py -> python_build/lib.macosx-11.0-arm64-cpython-38/grpc/experimental
2022-12-27T02:34:49.3899010Z   copying src/python/grpcio/grpc/experimental/__init__.py -> python_build/lib.macosx-11.0-arm64-cpython-38/grpc/experimental
2022-12-27T02:34:49.3902230Z   copying src/python/grpcio/grpc/experimental/session_cache.py -> python_build/lib.macosx-11.0-arm64-cpython-38/grpc/experimental
2022-12-27T02:34:49.3907550Z   creating python_build/lib.macosx-11.0-arm64-cpython-38/grpc/framework
2022-12-27T02:34:49.3909680Z   copying src/python/grpcio/grpc/framework/__init__.py -> python_build/lib.macosx-11.0-arm64-cpython-38/grpc/framework
2022-12-27T02:34:49.3914530Z   creating python_build/lib.macosx-11.0-arm64-cpython-38/grpc/_cython
2022-12-27T02:34:49.3916490Z   copying src/python/grpcio/grpc/_cython/__init__.py -> python_build/lib.macosx-11.0-arm64-cpython-38/grpc/_cython
2022-12-27T02:34:49.3922570Z   creating python_build/lib.macosx-11.0-arm64-cpython-38/grpc/framework/foundation
2022-12-27T02:34:49.3924700Z   copying src/python/grpcio/grpc/framework/foundation/callable_util.py -> python_build/lib.macosx-11.0-arm64-cpython-38/grpc/framework/foundation
2022-12-27T02:34:49.3928470Z   copying src/python/grpcio/grpc/framework/foundation/abandonment.py -> python_build/lib.macosx-11.0-arm64-cpython-38/grpc/framework/foundation
2022-12-27T02:34:49.3931950Z   copying src/python/grpcio/grpc/framework/foundation/__init__.py -> python_build/lib.macosx-11.0-arm64-cpython-38/grpc/framework/foundation
2022-12-27T02:34:49.3935080Z   copying src/python/grpcio/grpc/framework/foundation/stream.py -> python_build/lib.macosx-11.0-arm64-cpython-38/grpc/framework/foundation
2022-12-27T02:34:49.3938400Z   copying src/python/grpcio/grpc/framework/foundation/stream_util.py -> python_build/lib.macosx-11.0-arm64-cpython-38/grpc/framework/foundation
2022-12-27T02:34:49.3940890Z   copying src/python/grpcio/grpc/framework/foundation/future.py -> python_build/lib.macosx-11.0-arm64-cpython-38/grpc/framework/foundation
2022-12-27T02:34:49.3943660Z   copying src/python/grpcio/grpc/framework/foundation/logging_pool.py -> python_build/lib.macosx-11.0-arm64-cpython-38/grpc/framework/foundation
2022-12-27T02:34:49.3949180Z   creating python_build/lib.macosx-11.0-arm64-cpython-38/grpc/framework/common
2022-12-27T02:34:49.3950880Z   copying src/python/grpcio/grpc/framework/common/style.py -> python_build/lib.macosx-11.0-arm64-cpython-38/grpc/framework/common
2022-12-27T02:34:49.3953990Z   copying src/python/grpcio/grpc/framework/common/cardinality.py -> python_build/lib.macosx-11.0-arm64-cpython-38/grpc/framework/common
2022-12-27T02:34:49.3956590Z   copying src/python/grpcio/grpc/framework/common/__init__.py -> python_build/lib.macosx-11.0-arm64-cpython-38/grpc/framework/common
2022-12-27T02:34:49.3961010Z   creating python_build/lib.macosx-11.0-arm64-cpython-38/grpc/framework/interfaces
2022-12-27T02:34:49.3963250Z   copying src/python/grpcio/grpc/framework/interfaces/__init__.py -> python_build/lib.macosx-11.0-arm64-cpython-38/grpc/framework/interfaces
2022-12-27T02:34:49.3967680Z   creating python_build/lib.macosx-11.0-arm64-cpython-38/grpc/framework/interfaces/face
2022-12-27T02:34:49.3970480Z   copying src/python/grpcio/grpc/framework/interfaces/face/__init__.py -> python_build/lib.macosx-11.0-arm64-cpython-38/grpc/framework/interfaces/face
2022-12-27T02:34:49.3973150Z   copying src/python/grpcio/grpc/framework/interfaces/face/utilities.py -> python_build/lib.macosx-11.0-arm64-cpython-38/grpc/framework/interfaces/face
2022-12-27T02:34:49.3976620Z   copying src/python/grpcio/grpc/framework/interfaces/face/face.py -> python_build/lib.macosx-11.0-arm64-cpython-38/grpc/framework/interfaces/face
2022-12-27T02:34:49.3982390Z   creating python_build/lib.macosx-11.0-arm64-cpython-38/grpc/framework/interfaces/base
2022-12-27T02:34:49.3984480Z   copying src/python/grpcio/grpc/framework/interfaces/base/__init__.py -> python_build/lib.macosx-11.0-arm64-cpython-38/grpc/framework/interfaces/base
2022-12-27T02:34:49.3986450Z   copying src/python/grpcio/grpc/framework/interfaces/base/utilities.py -> python_build/lib.macosx-11.0-arm64-cpython-38/grpc/framework/interfaces/base
2022-12-27T02:34:49.3989460Z   copying src/python/grpcio/grpc/framework/interfaces/base/base.py -> python_build/lib.macosx-11.0-arm64-cpython-38/grpc/framework/interfaces/base
2022-12-27T02:34:49.3995050Z   creating python_build/lib.macosx-11.0-arm64-cpython-38/grpc/_cython/_cygrpc
2022-12-27T02:34:49.3997390Z   copying src/python/grpcio/grpc/_cython/_cygrpc/__init__.py -> python_build/lib.macosx-11.0-arm64-cpython-38/grpc/_cython/_cygrpc
2022-12-27T02:34:49.4001750Z   creating python_build/lib.macosx-11.0-arm64-cpython-38/grpc/_cython/_credentials
2022-12-27T02:34:49.4003970Z   copying src/python/grpcio/grpc/_cython/_credentials/roots.pem -> python_build/lib.macosx-11.0-arm64-cpython-38/grpc/_cython/_credentials
2022-12-27T02:34:49.4031970Z   running build_ext
2022-12-27T02:34:49.4509830Z   Found cython-generated files...
2022-12-27T02:34:49.4513120Z   building 'grpc._cython.cygrpc' extension
2022-12-27T02:34:49.4516810Z   creating python_build/temp.macosx-11.0-arm64-cpython-38
2022-12-27T02:34:49.4518820Z   creating python_build/temp.macosx-11.0-arm64-cpython-38/Users
2022-12-27T02:34:49.4520780Z   creating python_build/temp.macosx-11.0-arm64-cpython-38/Users/runner
2022-12-27T02:34:49.4522630Z   creating python_build/temp.macosx-11.0-arm64-cpython-38/Users/runner/actions-runner
2022-12-27T02:34:49.4524270Z   creating python_build/temp.macosx-11.0-arm64-cpython-38/Users/runner/actions-runner/_work
2022-12-27T02:34:49.4525790Z   creating python_build/temp.macosx-11.0-arm64-cpython-38/Users/runner/actions-runner/_work/python.build
2022-12-27T02:34:49.4527310Z   creating python_build/temp.macosx-11.0-arm64-cpython-38/Users/runner/actions-runner/_work/python.build/python.build
2022-12-27T02:34:49.4528990Z   creating python_build/temp.macosx-11.0-arm64-cpython-38/Users/runner/actions-runner/_work/python.build/python.build/build_grpcio120038
2022-12-27T02:34:49.4530490Z   creating python_build/temp.macosx-11.0-arm64-cpython-38/Users/runner/actions-runner/_work/python.build/python.build/build_grpcio120038/grpcio-1.20.0
2022-12-27T02:34:49.4532110Z   creating python_build/temp.macosx-11.0-arm64-cpython-38/Users/runner/actions-runner/_work/python.build/python.build/build_grpcio120038/grpcio-1.20.0/src
2022-12-27T02:34:49.4533480Z   creating python_build/temp.macosx-11.0-arm64-cpython-38/Users/runner/actions-runner/_work/python.build/python.build/build_grpcio120038/grpcio-1.20.0/src/python
2022-12-27T02:34:49.4535080Z   creating python_build/temp.macosx-11.0-arm64-cpython-38/Users/runner/actions-runner/_work/python.build/python.build/build_grpcio120038/grpcio-1.20.0/src/python/grpcio
2022-12-27T02:34:49.4538270Z   gcc -Wno-unused-result -Wsign-compare -Wunreachable-code -fno-common -dynamic -DNDEBUG -g -fwrapv -O3 -Wall -g -I/usr/local/opt/openssl@3/include -I/usr/local/opt/openssl@3/include -arch arm64 -DOPENSSL_NO_ASM=1 -D_WIN32_WINNT=1536 -DGPR_BACKWARDS_COMPATIBILITY_MODE=1 -DHAVE_CONFIG_H=1 -DGRPC_ENABLE_FORK_SUPPORT=1 "-DPyMODINIT_FUNC=extern \"C\" __attribute__((visibility (\"default\"))) PyObject*" -DGRPC_POSIX_FORK_ALLOW_PTHREAD_ATFORK=1 -Isrc/python/grpcio -Iinclude -I. -I/usr/include/openssl -Ithird_party/zlib -Ithird_party/nanopb -Ithird_party/cares -Ithird_party/cares/cares -Ithird_party/cares/config_darwin -Ithird_party/address_sorting/include -I/private/var/folders/51/hd414ycd67n82196sw51xqtc0000gn/T/cibw-run-ozfkevsb/cp38-macosx_arm64/build/venv/include -I/Library/Frameworks/Python.framework/Versions/3.8/include/python3.8 -c /Users/runner/actions-runner/_work/python.build/python.build/build_grpcio120038/grpcio-1.20.0/src/python/grpcio/poison.c -o python_build/temp.macosx-11.0-arm64-cpython-38/Users/runner/actions-runner/_work/python.build/python.build/build_grpcio120038/grpcio-1.20.0/src/python/grpcio/poison.o -stdlib=libc++ -fvisibility=hidden -fno-wrapv -fno-exceptions -DPB_FIELD_32BIT -pthread
2022-12-27T02:34:49.4795340Z   /Users/runner/actions-runner/_work/python.build/python.build/build_grpcio120038/grpcio-1.20.0/src/python/grpcio/poison.c:1:2: error: Extensions have been poisoned due to missing Cython-generated code.
2022-12-27T02:34:49.4796460Z   #error Extensions have been poisoned due to missing Cython-generated code.
2022-12-27T02:34:49.4798290Z    ^
2022-12-27T02:34:49.4800240Z   1 error generated.
2022-12-27T02:34:49.4829240Z   creating var
2022-12-27T02:34:49.4831140Z   creating var/folders
2022-12-27T02:34:49.4832830Z   creating var/folders/51
2022-12-27T02:34:49.4834360Z   creating var/folders/51/hd414ycd67n82196sw51xqtc0000gn
2022-12-27T02:34:49.4835730Z   creating var/folders/51/hd414ycd67n82196sw51xqtc0000gn/T
2022-12-27T02:34:49.4837210Z   creating var/folders/51/hd414ycd67n82196sw51xqtc0000gn/T/tmphe0uj2yp
2022-12-27T02:34:49.4840410Z   gcc -Wno-unused-result -Wsign-compare -Wunreachable-code -fno-common -dynamic -DNDEBUG -g -fwrapv -O3 -Wall -g -I/usr/local/opt/openssl@3/include -I/usr/local/opt/openssl@3/include -arch arm64 -I/private/var/folders/51/hd414ycd67n82196sw51xqtc0000gn/T/cibw-run-ozfkevsb/cp38-macosx_arm64/build/venv/include -I/Library/Frameworks/Python.framework/Versions/3.8/include/python3.8 -c /var/folders/51/hd414ycd67n82196sw51xqtc0000gn/T/tmphe0uj2yp/a.c -o var/folders/51/hd414ycd67n82196sw51xqtc0000gn/T/tmphe0uj2yp/a.o
2022-12-27T02:34:49.5545070Z   Traceback (most recent call last):
2022-12-27T02:34:49.5556130Z     File "/private/var/folders/51/hd414ycd67n82196sw51xqtc0000gn/T/cibw-run-ozfkevsb/cp38-macosx_arm64/build/venv/lib/python3.8/site-packages/setuptools/_distutils/unixccompiler.py", line 186, in _compile
2022-12-27T02:34:49.5556940Z       self.spawn(compiler_so + cc_args + [src, '-o', obj] + extra_postargs)
2022-12-27T02:34:49.5557830Z     File "/Users/runner/actions-runner/_work/python.build/python.build/build_grpcio120038/grpcio-1.20.0/src/python/grpcio/_spawn_patch.py", line 54, in _commandfile_spawn
2022-12-27T02:34:49.5558360Z       _classic_spawn(self, command)
2022-12-27T02:34:49.5559170Z     File "/private/var/folders/51/hd414ycd67n82196sw51xqtc0000gn/T/cibw-run-ozfkevsb/cp38-macosx_arm64/build/venv/lib/python3.8/site-packages/setuptools/_distutils/ccompiler.py", line 1007, in spawn
2022-12-27T02:34:49.5559670Z       spawn(cmd, dry_run=self.dry_run, **kwargs)
2022-12-27T02:34:49.5560430Z     File "/private/var/folders/51/hd414ycd67n82196sw51xqtc0000gn/T/cibw-run-ozfkevsb/cp38-macosx_arm64/build/venv/lib/python3.8/site-packages/setuptools/_distutils/spawn.py", line 70, in spawn
2022-12-27T02:34:49.5561050Z       raise DistutilsExecError(
2022-12-27T02:34:49.5561650Z   distutils.errors.DistutilsExecError: command '/usr/bin/gcc' failed with exit code 1
2022-12-27T02:34:49.5561920Z 
2022-12-27T02:34:49.5562780Z   During handling of the above exception, another exception occurred:
2022-12-27T02:34:49.5563960Z 
2022-12-27T02:34:49.5565540Z   Traceback (most recent call last):
2022-12-27T02:34:49.5567420Z     File "/Users/runner/actions-runner/_work/python.build/python.build/build_grpcio120038/grpcio-1.20.0/src/python/grpcio/commands.py", line 262, in build_extensions
2022-12-27T02:34:49.5568560Z       build_ext.build_ext.build_extensions(self)
2022-12-27T02:34:49.5570800Z     File "/private/var/folders/51/hd414ycd67n82196sw51xqtc0000gn/T/cibw-run-ozfkevsb/cp38-macosx_arm64/build/venv/lib/python3.8/site-packages/setuptools/_distutils/command/build_ext.py", line 468, in build_extensions
2022-12-27T02:34:49.5571500Z       self._build_extensions_serial()
2022-12-27T02:34:49.5573730Z     File "/private/var/folders/51/hd414ycd67n82196sw51xqtc0000gn/T/cibw-run-ozfkevsb/cp38-macosx_arm64/build/venv/lib/python3.8/site-packages/setuptools/_distutils/command/build_ext.py", line 494, in _build_extensions_serial
2022-12-27T02:34:49.5574430Z       self.build_extension(ext)
2022-12-27T02:34:49.5576290Z     File "/private/var/folders/51/hd414ycd67n82196sw51xqtc0000gn/T/cibw-run-ozfkevsb/cp38-macosx_arm64/build/venv/lib/python3.8/site-packages/setuptools/command/build_ext.py", line 246, in build_extension
2022-12-27T02:34:49.5577450Z       _build_ext.build_extension(self, ext)
2022-12-27T02:34:49.5579250Z     File "/private/var/folders/51/hd414ycd67n82196sw51xqtc0000gn/T/cibw-run-ozfkevsb/cp38-macosx_arm64/build/venv/lib/python3.8/site-packages/setuptools/_distutils/command/build_ext.py", line 549, in build_extension
2022-12-27T02:34:49.5580460Z       objects = self.compiler.compile(
2022-12-27T02:34:49.5582500Z     File "/private/var/folders/51/hd414ycd67n82196sw51xqtc0000gn/T/cibw-run-ozfkevsb/cp38-macosx_arm64/build/venv/lib/python3.8/site-packages/setuptools/_distutils/ccompiler.py", line 599, in compile
2022-12-27T02:34:49.5583310Z       self._compile(obj, src, ext, cc_args, extra_postargs, pp_opts)
2022-12-27T02:34:49.5585530Z     File "/Users/runner/actions-runner/_work/python.build/python.build/build_grpcio120038/grpcio-1.20.0/src/python/grpcio/commands.py", line 245, in new_compile
2022-12-27T02:34:49.5586630Z       return old_compile(obj, src, ext, cc_args, extra_postargs,
2022-12-27T02:34:49.5588290Z     File "/private/var/folders/51/hd414ycd67n82196sw51xqtc0000gn/T/cibw-run-ozfkevsb/cp38-macosx_arm64/build/venv/lib/python3.8/site-packages/setuptools/_distutils/unixccompiler.py", line 188, in _compile
2022-12-27T02:34:49.5589210Z       raise CompileError(msg)
2022-12-27T02:34:49.5590970Z   distutils.errors.CompileError: command '/usr/bin/gcc' failed with exit code 1
2022-12-27T02:34:49.5591830Z 
2022-12-27T02:34:49.5593610Z   During handling of the above exception, another exception occurred:
2022-12-27T02:34:49.5594730Z 
2022-12-27T02:34:49.5596320Z   Traceback (most recent call last):
2022-12-27T02:34:49.5597800Z     File "<string>", line 2, in <module>
2022-12-27T02:34:49.5599530Z     File "<pip-setuptools-caller>", line 34, in <module>
2022-12-27T02:34:49.5600800Z     File "/Users/runner/actions-runner/_work/python.build/python.build/build_grpcio120038/grpcio-1.20.0/setup.py", line 352, in <module>
2022-12-27T02:34:49.5602260Z       setuptools.setup(
2022-12-27T02:34:49.5604230Z     File "/private/var/folders/51/hd414ycd67n82196sw51xqtc0000gn/T/cibw-run-ozfkevsb/cp38-macosx_arm64/build/venv/lib/python3.8/site-packages/setuptools/__init__.py", line 87, in setup
2022-12-27T02:34:49.5604990Z       return distutils.core.setup(**attrs)
2022-12-27T02:34:49.5607180Z     File "/private/var/folders/51/hd414ycd67n82196sw51xqtc0000gn/T/cibw-run-ozfkevsb/cp38-macosx_arm64/build/venv/lib/python3.8/site-packages/setuptools/_distutils/core.py", line 185, in setup
2022-12-27T02:34:49.5607890Z       return run_commands(dist)
2022-12-27T02:34:49.5609960Z     File "/private/var/folders/51/hd414ycd67n82196sw51xqtc0000gn/T/cibw-run-ozfkevsb/cp38-macosx_arm64/build/venv/lib/python3.8/site-packages/setuptools/_distutils/core.py", line 201, in run_commands
2022-12-27T02:34:49.5610770Z       dist.run_commands()
2022-12-27T02:34:49.5612840Z     File "/private/var/folders/51/hd414ycd67n82196sw51xqtc0000gn/T/cibw-run-ozfkevsb/cp38-macosx_arm64/build/venv/lib/python3.8/site-packages/setuptools/_distutils/dist.py", line 969, in run_commands
2022-12-27T02:34:49.5613850Z       self.run_command(cmd)
2022-12-27T02:34:49.5615720Z     File "/private/var/folders/51/hd414ycd67n82196sw51xqtc0000gn/T/cibw-run-ozfkevsb/cp38-macosx_arm64/build/venv/lib/python3.8/site-packages/setuptools/dist.py", line 1208, in run_command
2022-12-27T02:34:49.5616840Z       super().run_command(command)
2022-12-27T02:34:49.5618630Z     File "/private/var/folders/51/hd414ycd67n82196sw51xqtc0000gn/T/cibw-run-ozfkevsb/cp38-macosx_arm64/build/venv/lib/python3.8/site-packages/setuptools/_distutils/dist.py", line 988, in run_command
2022-12-27T02:34:49.5619790Z       cmd_obj.run()
2022-12-27T02:34:49.5621540Z     File "/private/var/folders/51/hd414ycd67n82196sw51xqtc0000gn/T/cibw-run-ozfkevsb/cp38-macosx_arm64/build/venv/lib/python3.8/site-packages/wheel/bdist_wheel.py", line 325, in run
2022-12-27T02:34:49.5622730Z       self.run_command("build")
2022-12-27T02:34:49.5624610Z     File "/private/var/folders/51/hd414ycd67n82196sw51xqtc0000gn/T/cibw-run-ozfkevsb/cp38-macosx_arm64/build/venv/lib/python3.8/site-packages/setuptools/_distutils/cmd.py", line 318, in run_command
2022-12-27T02:34:49.5625830Z       self.distribution.run_command(command)
2022-12-27T02:34:49.5627530Z     File "/private/var/folders/51/hd414ycd67n82196sw51xqtc0000gn/T/cibw-run-ozfkevsb/cp38-macosx_arm64/build/venv/lib/python3.8/site-packages/setuptools/dist.py", line 1208, in run_command
2022-12-27T02:34:49.5628670Z       super().run_command(command)
2022-12-27T02:34:49.5630440Z     File "/private/var/folders/51/hd414ycd67n82196sw51xqtc0000gn/T/cibw-run-ozfkevsb/cp38-macosx_arm64/build/venv/lib/python3.8/site-packages/setuptools/_distutils/dist.py", line 988, in run_command
2022-12-27T02:34:49.5631990Z       cmd_obj.run()
2022-12-27T02:34:49.5634380Z     File "/private/var/folders/51/hd414ycd67n82196sw51xqtc0000gn/T/cibw-run-ozfkevsb/cp38-macosx_arm64/build/venv/lib/python3.8/site-packages/setuptools/_distutils/command/build.py", line 132, in run
2022-12-27T02:34:49.5635860Z       self.run_command(cmd_name)
2022-12-27T02:34:49.5637540Z     File "/private/var/folders/51/hd414ycd67n82196sw51xqtc0000gn/T/cibw-run-ozfkevsb/cp38-macosx_arm64/build/venv/lib/python3.8/site-packages/setuptools/_distutils/cmd.py", line 318, in run_command
2022-12-27T02:34:49.5638420Z       self.distribution.run_command(command)
2022-12-27T02:34:49.5640380Z     File "/private/var/folders/51/hd414ycd67n82196sw51xqtc0000gn/T/cibw-run-ozfkevsb/cp38-macosx_arm64/build/venv/lib/python3.8/site-packages/setuptools/dist.py", line 1208, in run_command
2022-12-27T02:34:49.5641590Z       super().run_command(command)
2022-12-27T02:34:49.5643310Z     File "/private/var/folders/51/hd414ycd67n82196sw51xqtc0000gn/T/cibw-run-ozfkevsb/cp38-macosx_arm64/build/venv/lib/python3.8/site-packages/setuptools/_distutils/dist.py", line 988, in run_command
2022-12-27T02:34:49.5644540Z       cmd_obj.run()
2022-12-27T02:34:49.5646300Z     File "/private/var/folders/51/hd414ycd67n82196sw51xqtc0000gn/T/cibw-run-ozfkevsb/cp38-macosx_arm64/build/venv/lib/python3.8/site-packages/setuptools/command/build_ext.py", line 84, in run
2022-12-27T02:34:49.5647460Z       _build_ext.run(self)
2022-12-27T02:34:49.5649200Z     File "/private/var/folders/51/hd414ycd67n82196sw51xqtc0000gn/T/cibw-run-ozfkevsb/cp38-macosx_arm64/build/venv/lib/python3.8/site-packages/setuptools/_distutils/command/build_ext.py", line 346, in run
2022-12-27T02:34:49.5650430Z       self.build_extensions()
2022-12-27T02:34:49.5652200Z     File "/Users/runner/actions-runner/_work/python.build/python.build/build_grpcio120038/grpcio-1.20.0/src/python/grpcio/commands.py", line 266, in build_extensions
2022-12-27T02:34:49.5653400Z       raise CommandError(
2022-12-27T02:34:49.5654820Z   commands.CommandError: Failed `build_ext` step:
2022-12-27T02:34:49.5656210Z   Traceback (most recent call last):
2022-12-27T02:34:49.5658050Z     File "/private/var/folders/51/hd414ycd67n82196sw51xqtc0000gn/T/cibw-run-ozfkevsb/cp38-macosx_arm64/build/venv/lib/python3.8/site-packages/setuptools/_distutils/unixccompiler.py", line 186, in _compile
2022-12-27T02:34:49.5659300Z       self.spawn(compiler_so + cc_args + [src, '-o', obj] + extra_postargs)
2022-12-27T02:34:49.5660910Z     File "/Users/runner/actions-runner/_work/python.build/python.build/build_grpcio120038/grpcio-1.20.0/src/python/grpcio/_spawn_patch.py", line 54, in _commandfile_spawn
2022-12-27T02:34:49.5662110Z       _classic_spawn(self, command)
2022-12-27T02:34:49.5663900Z     File "/private/var/folders/51/hd414ycd67n82196sw51xqtc0000gn/T/cibw-run-ozfkevsb/cp38-macosx_arm64/build/venv/lib/python3.8/site-packages/setuptools/_distutils/ccompiler.py", line 1007, in spawn
2022-12-27T02:34:49.5665110Z       spawn(cmd, dry_run=self.dry_run, **kwargs)
2022-12-27T02:34:49.5666820Z     File "/private/var/folders/51/hd414ycd67n82196sw51xqtc0000gn/T/cibw-run-ozfkevsb/cp38-macosx_arm64/build/venv/lib/python3.8/site-packages/setuptools/_distutils/spawn.py", line 70, in spawn
2022-12-27T02:34:49.5668040Z       raise DistutilsExecError(
2022-12-27T02:34:49.5669610Z   distutils.errors.DistutilsExecError: command '/usr/bin/gcc' failed with exit code 1
2022-12-27T02:34:49.5670800Z 
2022-12-27T02:34:49.5672320Z   During handling of the above exception, another exception occurred:
2022-12-27T02:34:49.5673580Z 
2022-12-27T02:34:49.5675080Z   Traceback (most recent call last):
2022-12-27T02:34:49.5676850Z     File "/Users/runner/actions-runner/_work/python.build/python.build/build_grpcio120038/grpcio-1.20.0/src/python/grpcio/commands.py", line 262, in build_extensions
2022-12-27T02:34:49.5678060Z       build_ext.build_ext.build_extensions(self)
2022-12-27T02:34:49.5679810Z     File "/private/var/folders/51/hd414ycd67n82196sw51xqtc0000gn/T/cibw-run-ozfkevsb/cp38-macosx_arm64/build/venv/lib/python3.8/site-packages/setuptools/_distutils/command/build_ext.py", line 468, in build_extensions
2022-12-27T02:34:49.5680980Z       self._build_extensions_serial()
2022-12-27T02:34:49.5682940Z     File "/private/var/folders/51/hd414ycd67n82196sw51xqtc0000gn/T/cibw-run-ozfkevsb/cp38-macosx_arm64/build/venv/lib/python3.8/site-packages/setuptools/_distutils/command/build_ext.py", line 494, in _build_extensions_serial
2022-12-27T02:34:49.5683970Z       self.build_extension(ext)
2022-12-27T02:34:49.5685970Z     File "/private/var/folders/51/hd414ycd67n82196sw51xqtc0000gn/T/cibw-run-ozfkevsb/cp38-macosx_arm64/build/venv/lib/python3.8/site-packages/setuptools/command/build_ext.py", line 246, in build_extension
2022-12-27T02:34:49.5686850Z       _build_ext.build_extension(self, ext)
2022-12-27T02:34:49.5688830Z     File "/private/var/folders/51/hd414ycd67n82196sw51xqtc0000gn/T/cibw-run-ozfkevsb/cp38-macosx_arm64/build/venv/lib/python3.8/site-packages/setuptools/_distutils/command/build_ext.py", line 549, in build_extension
2022-12-27T02:34:49.5689750Z       objects = self.compiler.compile(
2022-12-27T02:34:49.5691720Z     File "/private/var/folders/51/hd414ycd67n82196sw51xqtc0000gn/T/cibw-run-ozfkevsb/cp38-macosx_arm64/build/venv/lib/python3.8/site-packages/setuptools/_distutils/ccompiler.py", line 599, in compile
2022-12-27T02:34:49.5692710Z       self._compile(obj, src, ext, cc_args, extra_postargs, pp_opts)
2022-12-27T02:34:49.5694570Z     File "/Users/runner/actions-runner/_work/python.build/python.build/build_grpcio120038/grpcio-1.20.0/src/python/grpcio/commands.py", line 245, in new_compile
2022-12-27T02:34:49.5695610Z       return old_compile(obj, src, ext, cc_args, extra_postargs,
2022-12-27T02:34:49.5697550Z     File "/private/var/folders/51/hd414ycd67n82196sw51xqtc0000gn/T/cibw-run-ozfkevsb/cp38-macosx_arm64/build/venv/lib/python3.8/site-packages/setuptools/_distutils/unixccompiler.py", line 188, in _compile
2022-12-27T02:34:49.5698470Z       raise CompileError(msg)
2022-12-27T02:34:49.5700170Z   distutils.errors.CompileError: command '/usr/bin/gcc' failed with exit code 1
2022-12-27T02:34:49.5701300Z 
2022-12-27T02:34:49.5978780Z   error: subprocess-exited-with-error
2022-12-27T02:34:49.5979090Z   
2022-12-27T02:34:49.5979400Z   Ã— python setup.py bdist_wheel did not run successfully.
2022-12-27T02:34:49.5980470Z   â”‚ exit code: 1
2022-12-27T02:34:49.5980770Z   â•°â”€> See above for output.
2022-12-27T02:34:49.5980950Z   
2022-12-27T02:34:49.5981230Z   note: This error originates from a subprocess, and is likely not a problem with pip.
2022-12-27T02:34:49.5990990Z   full command: /private/var/folders/51/hd414ycd67n82196sw51xqtc0000gn/T/cibw-run-ozfkevsb/cp38-macosx_arm64/build/venv/bin/python -u -c '
2022-12-27T02:34:49.5991410Z   exec(compile('"'"''"'"''"'"'
2022-12-27T02:34:49.5991790Z   # This is <pip-setuptools-caller> -- a caller that pip uses to run setup.py
2022-12-27T02:34:49.5992020Z   #
2022-12-27T02:34:49.5992370Z   # - It imports setuptools before invoking setup.py, to enable projects that directly
2022-12-27T02:34:49.5992700Z   #   import from `distutils.core` to work with newer packaging standards.
2022-12-27T02:34:49.5993130Z   # - It provides a clear error message when setuptools is not installed.
2022-12-27T02:34:49.5993560Z   # - It sets `sys.argv[0]` to the underlying `setup.py`, when invoking `setup.py` so
2022-12-27T02:34:49.5993990Z   #   setuptools doesn'"'"'t think the script is `-c`. This avoids the following warning:
2022-12-27T02:34:49.5994360Z   #     manifest_maker: standard file '"'"'-c'"'"' not found".
2022-12-27T02:34:49.5994760Z   # - It generates a shim setup.py, for handling setup.cfg-only projects.
2022-12-27T02:34:49.5995000Z   import os, sys, tokenize
2022-12-27T02:34:49.5995180Z   
2022-12-27T02:34:49.5995330Z   try:
2022-12-27T02:34:49.5995490Z       import setuptools
2022-12-27T02:34:49.5995690Z   except ImportError as error:
2022-12-27T02:34:49.5995890Z       print(
2022-12-27T02:34:49.5996140Z           "ERROR: Can not execute `setup.py` since setuptools is not available in "
2022-12-27T02:34:49.5996390Z           "the build environment.",
2022-12-27T02:34:49.5996580Z           file=sys.stderr,
2022-12-27T02:34:49.5996750Z       )
2022-12-27T02:34:49.5996890Z       sys.exit(1)
2022-12-27T02:34:49.5997050Z   
2022-12-27T02:34:49.5997640Z   __file__ = %r
2022-12-27T02:34:49.5997850Z   sys.argv[0] = __file__
2022-12-27T02:34:49.5998010Z   
2022-12-27T02:34:49.5998180Z   if os.path.exists(__file__):
2022-12-27T02:34:49.5998370Z       filename = __file__
2022-12-27T02:34:49.5998570Z       with tokenize.open(__file__) as f:
2022-12-27T02:34:49.5998770Z           setup_py_code = f.read()
2022-12-27T02:34:49.5998940Z   else:
2022-12-27T02:34:49.5999270Z       filename = "<auto-generated setuptools caller>"
2022-12-27T02:34:49.5999530Z       setup_py_code = "from setuptools import setup; setup()"
2022-12-27T02:34:49.5999730Z   
2022-12-27T02:34:49.5999920Z   exec(compile(setup_py_code, filename, "exec"))
2022-12-27T02:34:49.6000610Z   '"'"''"'"''"'"' % ('"'"'/Users/runner/actions-runner/_work/python.build/python.build/build_grpcio120038/grpcio-1.20.0/setup.py'"'"',), "<pip-setuptools-caller>", "exec"))' bdist_wheel -d /private/var/folders/51/hd414ycd67n82196sw51xqtc0000gn/T/pip-wheel-g9t3sn25
2022-12-27T02:34:49.6001270Z   cwd: /Users/runner/actions-runner/_work/python.build/python.build/build_grpcio120038/grpcio-1.20.0/
2022-12-27T02:34:49.6001580Z   ERROR: Failed building wheel for grpcio
2022-12-27T02:34:49.6001940Z   Building wheel for grpcio (setup.py): finished with status 'error'
2022-12-27T02:34:49.6003850Z   Running setup.py clean for grpcio
2022-12-27T02:34:49.6006110Z   Running command python setup.py clean
2022-12-27T02:34:49.9140450Z   This package needs to generate C files with Cython but it cannot. Poisoning extension sources to disallow extension commands...running clean
2022-12-27T02:34:49.9156630Z   removing 'python_build/temp.macosx-11.0-arm64-cpython-38' (and everything under it)
2022-12-27T02:34:49.9168360Z   removing 'python_build/lib.macosx-11.0-arm64-cpython-38' (and everything under it)
2022-12-27T02:34:49.9214210Z   'python_build/bdist.macosx-11.0-arm64' does not exist -- can't clean it
2022-12-27T02:34:49.9216030Z   'python_build/scripts-3.8' does not exist -- can't clean it
2022-12-27T02:34:49.9217870Z   removing 'python_build'
2022-12-27T02:34:49.9452530Z Failed to build grpcio
2022-12-27T02:34:49.9456970Z ERROR: Failed to build one or more wheels
2022-12-27T02:34:49.9466950Z Exception information:
2022-12-27T02:34:49.9467100Z Traceback (most recent call last):
2022-12-27T02:34:49.9467990Z   File "/private/var/folders/51/hd414ycd67n82196sw51xqtc0000gn/T/cibw-run-ozfkevsb/cp38-macosx_arm64/build/venv/lib/python3.8/site-packages/pip/_internal/cli/base_command.py", line 160, in exc_logging_wrapper
2022-12-27T02:34:49.9468430Z     status = run_func(*args)
2022-12-27T02:34:49.9469060Z   File "/private/var/folders/51/hd414ycd67n82196sw51xqtc0000gn/T/cibw-run-ozfkevsb/cp38-macosx_arm64/build/venv/lib/python3.8/site-packages/pip/_internal/cli/req_command.py", line 247, in wrapper
2022-12-27T02:34:49.9469440Z     return func(self, options, args)
2022-12-27T02:34:49.9470050Z   File "/private/var/folders/51/hd414ycd67n82196sw51xqtc0000gn/T/cibw-run-ozfkevsb/cp38-macosx_arm64/build/venv/lib/python3.8/site-packages/pip/_internal/commands/wheel.py", line 201, in run
2022-12-27T02:34:49.9470480Z     raise CommandError("Failed to build one or more wheels")
2022-12-27T02:34:49.9470850Z pip._internal.exceptions.CommandError: Failed to build one or more wheels
2022-12-27T02:34:49.9471460Z Removed build tracker: '/private/var/folders/51/hd414ycd67n82196sw51xqtc0000gn/T/pip-build-tracker-whzj5mvb'
2022-12-27T02:34:49.9842220Z ##[endgroup]
2022-12-27T02:34:49.9842840Z                                                               [31mâœ• [0m1.66s
2022-12-27T02:34:50.0372830Z ##[error]Command ['python', '-m', 'pip', 'wheel', '/Users/runner/actions-runner/_work/python.build/python.build/build_grpcio120038/grpcio-1.20.0', '--wheel-dir=/private/var/folders/51/hd414ycd67n82196sw51xqtc0000gn/T/cibw-run-ozfkevsb/cp38-macosx_arm64/built_wheel', '--no-deps', '-vvv'] failed with code 1. None
2022-12-27T02:34:50.0378800Z 
2022-12-27T02:34:50.0487860Z ##[error]Process completed with exit code 1.
2022-12-27T02:34:50.0517730Z ##[group]Run rm -rf build_grpcio120038 wheelsout
2022-12-27T02:34:50.0517940Z [36;1mrm -rf build_grpcio120038 wheelsout[0m
2022-12-27T02:34:50.0532500Z shell: /bin/bash -e {0}
2022-12-27T02:34:50.0532610Z env:
2022-12-27T02:34:50.0532760Z   pythonLocation: /Users/runner/hostedtoolcache/Python/3.8.15/x64
2022-12-27T02:34:50.0532970Z   PKG_CONFIG_PATH: /Users/runner/hostedtoolcache/Python/3.8.15/x64/lib/pkgconfig
2022-12-27T02:34:50.0533150Z   Python_ROOT_DIR: /Users/runner/hostedtoolcache/Python/3.8.15/x64
2022-12-27T02:34:50.0533330Z   Python2_ROOT_DIR: /Users/runner/hostedtoolcache/Python/3.8.15/x64
2022-12-27T02:34:50.0533500Z   Python3_ROOT_DIR: /Users/runner/hostedtoolcache/Python/3.8.15/x64
2022-12-27T02:34:50.0533640Z ##[endgroup]
2022-12-27T02:34:50.1897850Z Cleaning up orphan processes
